<?xml version="1.0" encoding="ISO-8859-1" ?>
<link_info>
   <banner>MSP430 Linker PC v21.6.1.LTS</banner>
   <copyright>Copyright (c) 2003-2018 Texas Instruments Incorporated</copyright>
   <link_time>0x69e1db93</link_time>
   <link_errors>0x0</link_errors>
   <output_file>FR6043_USSSWLib_template_example.out</output_file>
   <entry_point>
      <name>_c_int00_noargs_mpu</name>
      <address>0x81c2</address>
   </entry_point>
   <input_file_list>
      <input_file id="fl-2">
         <path>.\</path>
         <kind>object</kind>
         <file>main.obj</file>
         <name>main.obj</name>
      </input_file>
      <input_file id="fl-3">
         <path>.\</path>
         <kind>object</kind>
         <file>system_pre_init.obj</file>
         <name>system_pre_init.obj</name>
      </input_file>
      <input_file id="fl-4">
         <path>.\USS_Config\</path>
         <kind>object</kind>
         <file>USS_userConfig.obj</file>
         <name>USS_userConfig.obj</name>
      </input_file>
      <input_file id="fl-5">
         <path>.\ussSWLib\USS_HAL\</path>
         <kind>object</kind>
         <file>USS_Lib_HAL.obj</file>
         <name>USS_Lib_HAL.obj</name>
      </input_file>
      <input_file id="fl-6">
         <path>.\ussSWLib\source\common\</path>
         <kind>object</kind>
         <file>benchmarkussswLib.obj</file>
         <name>benchmarkussswLib.obj</name>
      </input_file>
      <input_file id="fl-7">
         <path>.\ussSWLib\source\common\</path>
         <kind>object</kind>
         <file>ussSwLibCommonHSPLL.obj</file>
         <name>ussSwLibCommonHSPLL.obj</name>
      </input_file>
      <input_file id="fl-8">
         <path>.\ussSWLib\source\common\</path>
         <kind>object</kind>
         <file>ussSwLibCommonInterrupts.obj</file>
         <name>ussSwLibCommonInterrupts.obj</name>
      </input_file>
      <input_file id="fl-9">
         <path>.\ussSWLib\source\common\</path>
         <kind>object</kind>
         <file>ussSwLibCommonSAPH.obj</file>
         <name>ussSwLibCommonSAPH.obj</name>
      </input_file>
      <input_file id="fl-a">
         <path>.\ussSWLib\source\common\</path>
         <kind>object</kind>
         <file>ussSwLibCommonSDHS.obj</file>
         <name>ussSwLibCommonSDHS.obj</name>
      </input_file>
      <input_file id="fl-b">
         <path>.\ussSWLib\source\common\</path>
         <kind>object</kind>
         <file>ussSwLibCommonTimer.obj</file>
         <name>ussSwLibCommonTimer.obj</name>
      </input_file>
      <input_file id="fl-c">
         <path>.\ussSWLib\source\common\</path>
         <kind>object</kind>
         <file>ussSwLibCommonUSS.obj</file>
         <name>ussSwLibCommonUSS.obj</name>
      </input_file>
      <input_file id="fl-d">
         <path>.\ussSWLib\source\</path>
         <kind>object</kind>
         <file>ussSwLibAlgorithm.obj</file>
         <name>ussSwLibAlgorithm.obj</name>
      </input_file>
      <input_file id="fl-e">
         <path>.\ussSWLib\source\</path>
         <kind>object</kind>
         <file>ussSwLibAppDebug.obj</file>
         <name>ussSwLibAppDebug.obj</name>
      </input_file>
      <input_file id="fl-f">
         <path>.\ussSWLib\source\</path>
         <kind>object</kind>
         <file>ussSwLibCalibration.obj</file>
         <name>ussSwLibCalibration.obj</name>
      </input_file>
      <input_file id="fl-10">
         <path>.\ussSWLib\source\</path>
         <kind>object</kind>
         <file>ussSwLibConfiguration.obj</file>
         <name>ussSwLibConfiguration.obj</name>
      </input_file>
      <input_file id="fl-11">
         <path>.\ussSWLib\source\</path>
         <kind>object</kind>
         <file>ussSwLibISR.obj</file>
         <name>ussSwLibISR.obj</name>
      </input_file>
      <input_file id="fl-12">
         <path>.\ussSWLib\source\</path>
         <kind>object</kind>
         <file>ussSwLibMeasurement.obj</file>
         <name>ussSwLibMeasurement.obj</name>
      </input_file>
      <input_file id="fl-13">
         <path>.\ussSWLib\source\</path>
         <kind>object</kind>
         <file>ussSwLibTemperature.obj</file>
         <name>ussSwLibTemperature.obj</name>
      </input_file>
      <input_file id="fl-14">
         <path>.\ussSWLib\source\</path>
         <kind>object</kind>
         <file>ussSwLibVFRCalib.obj</file>
         <name>ussSwLibVFRCalib.obj</name>
      </input_file>
      <input_file id="fl-15">
         <path>.\ussSWLib\source\</path>
         <kind>object</kind>
         <file>ussSwLibVFRCalibFlow.obj</file>
         <name>ussSwLibVFRCalibFlow.obj</name>
      </input_file>
      <input_file id="fl-16">
         <path>.\ussSWLib\source\</path>
         <kind>object</kind>
         <file>ussSwLibVFRCalibFlowTemperature.obj</file>
         <name>ussSwLibVFRCalibFlowTemperature.obj</name>
      </input_file>
      <input_file id="fl-22">
         <kind>object</kind>
         <file>&lt;internal&gt;</file>
         <name>&lt;internal&gt;</name>
      </input_file>
      <input_file id="fl-50">
         <path>C:\ti\msp\USS_02_30_00_03\USS\lib\USS\CCS\</path>
         <kind>archive</kind>
         <file>USS_SW_CCS_large_code_large_data.lib</file>
         <name>USS_lea.obj</name>
      </input_file>
      <input_file id="fl-51">
         <path>C:\ti\msp\USS_02_30_00_03\USS\lib\USS\CCS\</path>
         <kind>archive</kind>
         <file>USS_SW_CCS_large_code_large_data.lib</file>
         <name>ussSwLibAlgorithms.obj</name>
      </input_file>
      <input_file id="fl-52">
         <path>C:\ti\msp\USS_02_30_00_03\USS\lib\USS\CCS\</path>
         <kind>archive</kind>
         <file>USS_SW_CCS_large_code_large_data.lib</file>
         <name>USS_support_lea.obj</name>
      </input_file>
      <input_file id="fl-53">
         <path>C:\ti\msp\USS_02_30_00_03\USS\lib\USS\CCS\</path>
         <kind>archive</kind>
         <file>USS_SW_CCS_large_code_large_data.lib</file>
         <name>USS_init.obj</name>
      </input_file>
      <input_file id="fl-54">
         <path>C:\ti\msp\USS_02_30_00_03\USS\lib\USS\CCS\</path>
         <kind>archive</kind>
         <file>USS_SW_CCS_large_code_large_data.lib</file>
         <name>USS_run.obj</name>
      </input_file>
      <input_file id="fl-55">
         <path>C:\ti\msp\USS_02_30_00_03\USS\lib\USS\CCS\</path>
         <kind>archive</kind>
         <file>USS_SW_CCS_large_code_large_data.lib</file>
         <name>USS_computeAbsTOF_hilbert.obj</name>
      </input_file>
      <input_file id="fl-56">
         <path>C:\ti\msp\USS_02_30_00_03\USS\lib\USS\CCS\</path>
         <kind>archive</kind>
         <file>USS_SW_CCS_large_code_large_data.lib</file>
         <name>USS_computeAbsTOF_hilbertWide.obj</name>
      </input_file>
      <input_file id="fl-57">
         <path>C:\ti\msp\USS_02_30_00_03\USS\lib\USS\CCS\</path>
         <kind>archive</kind>
         <file>USS_SW_CCS_large_code_large_data.lib</file>
         <name>USS_computeAbsTOF_lobe.obj</name>
      </input_file>
      <input_file id="fl-58">
         <path>C:\ti\msp\USS_02_30_00_03\USS\lib\USS\CCS\</path>
         <kind>archive</kind>
         <file>USS_SW_CCS_large_code_large_data.lib</file>
         <name>USS_computeAbsTOF_lobeWide.obj</name>
      </input_file>
      <input_file id="fl-59">
         <path>C:\ti\msp\USS_02_30_00_03\USS\lib\USS\CCS\</path>
         <kind>archive</kind>
         <file>USS_SW_CCS_large_code_large_data.lib</file>
         <name>USS_computeDeltaTOF_estimate.obj</name>
      </input_file>
      <input_file id="fl-5a">
         <path>C:\ti\msp\USS_02_30_00_03\USS\lib\USS\CCS\</path>
         <kind>archive</kind>
         <file>USS_SW_CCS_large_code_large_data.lib</file>
         <name>USS_computeDeltaTOF_water.obj</name>
      </input_file>
      <input_file id="fl-5b">
         <path>C:\ti\msp\USS_02_30_00_03\USS\lib\USS\CCS\</path>
         <kind>archive</kind>
         <file>USS_SW_CCS_large_code_large_data.lib</file>
         <name>USS_computeVolumeFlowRate_gas.obj</name>
      </input_file>
      <input_file id="fl-5c">
         <path>C:\ti\msp\USS_02_30_00_03\USS\lib\USS\CCS\</path>
         <kind>archive</kind>
         <file>USS_SW_CCS_large_code_large_data.lib</file>
         <name>USS_computeVolumeFlowRate_water.obj</name>
      </input_file>
      <input_file id="fl-5d">
         <path>C:\ti\msp\USS_02_30_00_03\USS\lib\USS\CCS\</path>
         <kind>archive</kind>
         <file>USS_SW_CCS_large_code_large_data.lib</file>
         <name>USS_cosInterpolation.obj</name>
      </input_file>
      <input_file id="fl-5e">
         <path>C:\ti\msp\USS_02_30_00_03\USS\lib\USS\CCS\</path>
         <kind>archive</kind>
         <file>USS_SW_CCS_large_code_large_data.lib</file>
         <name>USS_filter.obj</name>
      </input_file>
      <input_file id="fl-5f">
         <path>C:\ti\msp\USS_02_30_00_03\USS\lib\USS\CCS\</path>
         <kind>archive</kind>
         <file>USS_SW_CCS_large_code_large_data.lib</file>
         <name>USS_math.obj</name>
      </input_file>
      <input_file id="fl-60">
         <path>C:\ti\msp\USS_02_30_00_03\USS\lib\USS\CCS\</path>
         <kind>archive</kind>
         <file>USS_SW_CCS_large_code_large_data.lib</file>
         <name>USS_updateADCParams.obj</name>
      </input_file>
      <input_file id="fl-61">
         <path>C:\ti\msp\USS_02_30_00_03\USS\lib\IQMathLibrary\libraries\CCS\MPY32\5xx_6xx\</path>
         <kind>archive</kind>
         <file>IQmathLib_CCS_MPY32_5xx_6xx_CPUX_large_code_large_data.lib</file>
         <name>_IQNdiv.o</name>
      </input_file>
      <input_file id="fl-62">
         <path>C:\ti\msp\USS_02_30_00_03\USS\lib\IQMathLibrary\libraries\CCS\MPY32\5xx_6xx\</path>
         <kind>archive</kind>
         <file>IQmathLib_CCS_MPY32_5xx_6xx_CPUX_large_code_large_data.lib</file>
         <name>__IQNrmpy.o</name>
      </input_file>
      <input_file id="fl-63">
         <path>C:\ti\msp\USS_02_30_00_03\USS\lib\IQMathLibrary\libraries\CCS\MPY32\5xx_6xx\</path>
         <kind>archive</kind>
         <file>IQmathLib_CCS_MPY32_5xx_6xx_CPUX_large_code_large_data.lib</file>
         <name>__IQNrsmpy.o</name>
      </input_file>
      <input_file id="fl-64">
         <path>C:\ti\msp\USS_02_30_00_03\USS\lib\IQMathLibrary\libraries\CCS\MPY32\5xx_6xx\</path>
         <kind>archive</kind>
         <file>IQmathLib_CCS_MPY32_5xx_6xx_CPUX_large_code_large_data.lib</file>
         <name>__IQNmpy.o</name>
      </input_file>
      <input_file id="fl-65">
         <path>C:\ti\msp\USS_02_30_00_03\USS\lib\IQMathLibrary\libraries\CCS\MPY32\5xx_6xx\</path>
         <kind>archive</kind>
         <file>IQmathLib_CCS_MPY32_5xx_6xx_CPUX_large_code_large_data.lib</file>
         <name>_IQNtoF.o</name>
      </input_file>
      <input_file id="fl-66">
         <path>C:\ti\msp\USS_02_30_00_03\USS\lib\IQMathLibrary\libraries\CCS\MPY32\5xx_6xx\</path>
         <kind>archive</kind>
         <file>IQmathLib_CCS_MPY32_5xx_6xx_CPUX_large_code_large_data.lib</file>
         <name>_IQNsin_cos.o</name>
      </input_file>
      <input_file id="fl-67">
         <path>C:\ti\msp\USS_02_30_00_03\USS\lib\IQMathLibrary\libraries\CCS\MPY32\5xx_6xx\</path>
         <kind>archive</kind>
         <file>IQmathLib_CCS_MPY32_5xx_6xx_CPUX_large_code_large_data.lib</file>
         <name>_IQNtables.o</name>
      </input_file>
      <input_file id="fl-68">
         <path>C:\ti\msp\USS_02_30_00_03\USS\lib\IQMathLibrary\libraries\CCS\MPY32\5xx_6xx\</path>
         <kind>archive</kind>
         <file>QmathLib_CCS_MPY32_5xx_6xx_CPUX_large_code_large_data.lib</file>
         <name>__QNrmpy.o</name>
      </input_file>
      <input_file id="fl-69">
         <path>C:\ti\msp\USS_02_30_00_03\USS\lib\IQMathLibrary\libraries\CCS\MPY32\5xx_6xx\</path>
         <kind>archive</kind>
         <file>QmathLib_CCS_MPY32_5xx_6xx_CPUX_large_code_large_data.lib</file>
         <name>_QNdiv.o</name>
      </input_file>
      <input_file id="fl-6a">
         <path>C:\ti\msp\USS_02_30_00_03\USS\lib\IQMathLibrary\libraries\CCS\MPY32\5xx_6xx\</path>
         <kind>archive</kind>
         <file>QmathLib_CCS_MPY32_5xx_6xx_CPUX_large_code_large_data.lib</file>
         <name>_QNtables.o</name>
      </input_file>
      <input_file id="fl-6b">
         <path>C:\ti\ccs2041\ccs\tools\compiler\ti-cgt-msp430_21.6.1.LTS\lib\</path>
         <kind>archive</kind>
         <file>rts430x_lc_ld_eabi.lib</file>
         <name>copy_decompress_lzss.c.obj</name>
      </input_file>
      <input_file id="fl-6c">
         <path>C:\ti\ccs2041\ccs\tools\compiler\ti-cgt-msp430_21.6.1.LTS\lib\</path>
         <kind>archive</kind>
         <file>rts430x_lc_ld_eabi.lib</file>
         <name>copy_decompress_none.c.obj</name>
      </input_file>
      <input_file id="fl-6d">
         <path>C:\ti\ccs2041\ccs\tools\compiler\ti-cgt-msp430_21.6.1.LTS\lib\</path>
         <kind>archive</kind>
         <file>rts430x_lc_ld_eabi.lib</file>
         <name>int21.asm.obj</name>
      </input_file>
      <input_file id="fl-6e">
         <path>C:\ti\ccs2041\ccs\tools\compiler\ti-cgt-msp430_21.6.1.LTS\lib\</path>
         <kind>archive</kind>
         <file>rts430x_lc_ld_eabi.lib</file>
         <name>isr_trap.asm.obj</name>
      </input_file>
      <input_file id="fl-6f">
         <path>C:\ti\ccs2041\ccs\tools\compiler\ti-cgt-msp430_21.6.1.LTS\lib\</path>
         <kind>archive</kind>
         <file>rts430x_lc_ld_eabi.lib</file>
         <name>int22.asm.obj</name>
      </input_file>
      <input_file id="fl-70">
         <path>C:\ti\ccs2041\ccs\tools\compiler\ti-cgt-msp430_21.6.1.LTS\lib\</path>
         <kind>archive</kind>
         <file>rts430x_lc_ld_eabi.lib</file>
         <name>int23.asm.obj</name>
      </input_file>
      <input_file id="fl-71">
         <path>C:\ti\ccs2041\ccs\tools\compiler\ti-cgt-msp430_21.6.1.LTS\lib\</path>
         <kind>archive</kind>
         <file>rts430x_lc_ld_eabi.lib</file>
         <name>int24.asm.obj</name>
      </input_file>
      <input_file id="fl-72">
         <path>C:\ti\ccs2041\ccs\tools\compiler\ti-cgt-msp430_21.6.1.LTS\lib\</path>
         <kind>archive</kind>
         <file>rts430x_lc_ld_eabi.lib</file>
         <name>int25.asm.obj</name>
      </input_file>
      <input_file id="fl-73">
         <path>C:\ti\ccs2041\ccs\tools\compiler\ti-cgt-msp430_21.6.1.LTS\lib\</path>
         <kind>archive</kind>
         <file>rts430x_lc_ld_eabi.lib</file>
         <name>int26.asm.obj</name>
      </input_file>
      <input_file id="fl-74">
         <path>C:\ti\ccs2041\ccs\tools\compiler\ti-cgt-msp430_21.6.1.LTS\lib\</path>
         <kind>archive</kind>
         <file>rts430x_lc_ld_eabi.lib</file>
         <name>int27.asm.obj</name>
      </input_file>
      <input_file id="fl-75">
         <path>C:\ti\ccs2041\ccs\tools\compiler\ti-cgt-msp430_21.6.1.LTS\lib\</path>
         <kind>archive</kind>
         <file>rts430x_lc_ld_eabi.lib</file>
         <name>int28.asm.obj</name>
      </input_file>
      <input_file id="fl-76">
         <path>C:\ti\ccs2041\ccs\tools\compiler\ti-cgt-msp430_21.6.1.LTS\lib\</path>
         <kind>archive</kind>
         <file>rts430x_lc_ld_eabi.lib</file>
         <name>int29.asm.obj</name>
      </input_file>
      <input_file id="fl-77">
         <path>C:\ti\ccs2041\ccs\tools\compiler\ti-cgt-msp430_21.6.1.LTS\lib\</path>
         <kind>archive</kind>
         <file>rts430x_lc_ld_eabi.lib</file>
         <name>int30.asm.obj</name>
      </input_file>
      <input_file id="fl-78">
         <path>C:\ti\ccs2041\ccs\tools\compiler\ti-cgt-msp430_21.6.1.LTS\lib\</path>
         <kind>archive</kind>
         <file>rts430x_lc_ld_eabi.lib</file>
         <name>int31.asm.obj</name>
      </input_file>
      <input_file id="fl-79">
         <path>C:\ti\ccs2041\ccs\tools\compiler\ti-cgt-msp430_21.6.1.LTS\lib\</path>
         <kind>archive</kind>
         <file>rts430x_lc_ld_eabi.lib</file>
         <name>int32.asm.obj</name>
      </input_file>
      <input_file id="fl-7a">
         <path>C:\ti\ccs2041\ccs\tools\compiler\ti-cgt-msp430_21.6.1.LTS\lib\</path>
         <kind>archive</kind>
         <file>rts430x_lc_ld_eabi.lib</file>
         <name>int33.asm.obj</name>
      </input_file>
      <input_file id="fl-7b">
         <path>C:\ti\ccs2041\ccs\tools\compiler\ti-cgt-msp430_21.6.1.LTS\lib\</path>
         <kind>archive</kind>
         <file>rts430x_lc_ld_eabi.lib</file>
         <name>int34.asm.obj</name>
      </input_file>
      <input_file id="fl-7c">
         <path>C:\ti\ccs2041\ccs\tools\compiler\ti-cgt-msp430_21.6.1.LTS\lib\</path>
         <kind>archive</kind>
         <file>rts430x_lc_ld_eabi.lib</file>
         <name>int35.asm.obj</name>
      </input_file>
      <input_file id="fl-7d">
         <path>C:\ti\ccs2041\ccs\tools\compiler\ti-cgt-msp430_21.6.1.LTS\lib\</path>
         <kind>archive</kind>
         <file>rts430x_lc_ld_eabi.lib</file>
         <name>int36.asm.obj</name>
      </input_file>
      <input_file id="fl-7e">
         <path>C:\ti\ccs2041\ccs\tools\compiler\ti-cgt-msp430_21.6.1.LTS\lib\</path>
         <kind>archive</kind>
         <file>rts430x_lc_ld_eabi.lib</file>
         <name>int37.asm.obj</name>
      </input_file>
      <input_file id="fl-7f">
         <path>C:\ti\ccs2041\ccs\tools\compiler\ti-cgt-msp430_21.6.1.LTS\lib\</path>
         <kind>archive</kind>
         <file>rts430x_lc_ld_eabi.lib</file>
         <name>int38.asm.obj</name>
      </input_file>
      <input_file id="fl-80">
         <path>C:\ti\ccs2041\ccs\tools\compiler\ti-cgt-msp430_21.6.1.LTS\lib\</path>
         <kind>archive</kind>
         <file>rts430x_lc_ld_eabi.lib</file>
         <name>int39.asm.obj</name>
      </input_file>
      <input_file id="fl-81">
         <path>C:\ti\ccs2041\ccs\tools\compiler\ti-cgt-msp430_21.6.1.LTS\lib\</path>
         <kind>archive</kind>
         <file>rts430x_lc_ld_eabi.lib</file>
         <name>int43.asm.obj</name>
      </input_file>
      <input_file id="fl-82">
         <path>C:\ti\ccs2041\ccs\tools\compiler\ti-cgt-msp430_21.6.1.LTS\lib\</path>
         <kind>archive</kind>
         <file>rts430x_lc_ld_eabi.lib</file>
         <name>int45.asm.obj</name>
      </input_file>
      <input_file id="fl-83">
         <path>C:\ti\ccs2041\ccs\tools\compiler\ti-cgt-msp430_21.6.1.LTS\lib\</path>
         <kind>archive</kind>
         <file>rts430x_lc_ld_eabi.lib</file>
         <name>int46.asm.obj</name>
      </input_file>
      <input_file id="fl-84">
         <path>C:\ti\ccs2041\ccs\tools\compiler\ti-cgt-msp430_21.6.1.LTS\lib\</path>
         <kind>archive</kind>
         <file>rts430x_lc_ld_eabi.lib</file>
         <name>int47.asm.obj</name>
      </input_file>
      <input_file id="fl-85">
         <path>C:\ti\ccs2041\ccs\tools\compiler\ti-cgt-msp430_21.6.1.LTS\lib\</path>
         <kind>archive</kind>
         <file>rts430x_lc_ld_eabi.lib</file>
         <name>int48.asm.obj</name>
      </input_file>
      <input_file id="fl-86">
         <path>C:\ti\ccs2041\ccs\tools\compiler\ti-cgt-msp430_21.6.1.LTS\lib\</path>
         <kind>archive</kind>
         <file>rts430x_lc_ld_eabi.lib</file>
         <name>int49.asm.obj</name>
      </input_file>
      <input_file id="fl-87">
         <path>C:\ti\ccs2041\ccs\tools\compiler\ti-cgt-msp430_21.6.1.LTS\lib\</path>
         <kind>archive</kind>
         <file>rts430x_lc_ld_eabi.lib</file>
         <name>int50.asm.obj</name>
      </input_file>
      <input_file id="fl-88">
         <path>C:\ti\ccs2041\ccs\tools\compiler\ti-cgt-msp430_21.6.1.LTS\lib\</path>
         <kind>archive</kind>
         <file>rts430x_lc_ld_eabi.lib</file>
         <name>int51.asm.obj</name>
      </input_file>
      <input_file id="fl-89">
         <path>C:\ti\ccs2041\ccs\tools\compiler\ti-cgt-msp430_21.6.1.LTS\lib\</path>
         <kind>archive</kind>
         <file>rts430x_lc_ld_eabi.lib</file>
         <name>int52.asm.obj</name>
      </input_file>
      <input_file id="fl-8a">
         <path>C:\ti\ccs2041\ccs\tools\compiler\ti-cgt-msp430_21.6.1.LTS\lib\</path>
         <kind>archive</kind>
         <file>rts430x_lc_ld_eabi.lib</file>
         <name>int53.asm.obj</name>
      </input_file>
      <input_file id="fl-8b">
         <path>C:\ti\ccs2041\ccs\tools\compiler\ti-cgt-msp430_21.6.1.LTS\lib\</path>
         <kind>archive</kind>
         <file>rts430x_lc_ld_eabi.lib</file>
         <name>int54.asm.obj</name>
      </input_file>
      <input_file id="fl-8c">
         <path>C:\ti\ccs2041\ccs\tools\compiler\ti-cgt-msp430_21.6.1.LTS\lib\</path>
         <kind>archive</kind>
         <file>rts430x_lc_ld_eabi.lib</file>
         <name>copy_zero_init.c.obj</name>
      </input_file>
      <input_file id="fl-8d">
         <path>C:\ti\ccs2041\ccs\tools\compiler\ti-cgt-msp430_21.6.1.LTS\lib\</path>
         <kind>archive</kind>
         <file>rts430x_lc_ld_eabi.lib</file>
         <name>fs_add.asm.obj</name>
      </input_file>
      <input_file id="fl-8e">
         <path>C:\ti\ccs2041\ccs\tools\compiler\ti-cgt-msp430_21.6.1.LTS\lib\</path>
         <kind>archive</kind>
         <file>rts430x_lc_ld_eabi.lib</file>
         <name>fs_cmp.asm.obj</name>
      </input_file>
      <input_file id="fl-8f">
         <path>C:\ti\ccs2041\ccs\tools\compiler\ti-cgt-msp430_21.6.1.LTS\lib\</path>
         <kind>archive</kind>
         <file>rts430x_lc_ld_eabi.lib</file>
         <name>fs_div.asm.obj</name>
      </input_file>
      <input_file id="fl-90">
         <path>C:\ti\ccs2041\ccs\tools\compiler\ti-cgt-msp430_21.6.1.LTS\lib\</path>
         <kind>archive</kind>
         <file>rts430x_lc_ld_eabi.lib</file>
         <name>div16s.asm.obj</name>
      </input_file>
      <input_file id="fl-91">
         <path>C:\ti\ccs2041\ccs\tools\compiler\ti-cgt-msp430_21.6.1.LTS\lib\</path>
         <kind>archive</kind>
         <file>rts430x_lc_ld_eabi.lib</file>
         <name>div32s.asm.obj</name>
      </input_file>
      <input_file id="fl-92">
         <path>C:\ti\ccs2041\ccs\tools\compiler\ti-cgt-msp430_21.6.1.LTS\lib\</path>
         <kind>archive</kind>
         <file>rts430x_lc_ld_eabi.lib</file>
         <name>div16u.asm.obj</name>
      </input_file>
      <input_file id="fl-93">
         <path>C:\ti\ccs2041\ccs\tools\compiler\ti-cgt-msp430_21.6.1.LTS\lib\</path>
         <kind>archive</kind>
         <file>rts430x_lc_ld_eabi.lib</file>
         <name>div32u.asm.obj</name>
      </input_file>
      <input_file id="fl-94">
         <path>C:\ti\ccs2041\ccs\tools\compiler\ti-cgt-msp430_21.6.1.LTS\lib\</path>
         <kind>archive</kind>
         <file>rts430x_lc_ld_eabi.lib</file>
         <name>fs_toi.asm.obj</name>
      </input_file>
      <input_file id="fl-95">
         <path>C:\ti\ccs2041\ccs\tools\compiler\ti-cgt-msp430_21.6.1.LTS\lib\</path>
         <kind>archive</kind>
         <file>rts430x_lc_ld_eabi.lib</file>
         <name>fs_tol.asm.obj</name>
      </input_file>
      <input_file id="fl-96">
         <path>C:\ti\ccs2041\ccs\tools\compiler\ti-cgt-msp430_21.6.1.LTS\lib\</path>
         <kind>archive</kind>
         <file>rts430x_lc_ld_eabi.lib</file>
         <name>fs_tou.asm.obj</name>
      </input_file>
      <input_file id="fl-97">
         <path>C:\ti\ccs2041\ccs\tools\compiler\ti-cgt-msp430_21.6.1.LTS\lib\</path>
         <kind>archive</kind>
         <file>rts430x_lc_ld_eabi.lib</file>
         <name>fs_toul.asm.obj</name>
      </input_file>
      <input_file id="fl-98">
         <path>C:\ti\ccs2041\ccs\tools\compiler\ti-cgt-msp430_21.6.1.LTS\lib\</path>
         <kind>archive</kind>
         <file>rts430x_lc_ld_eabi.lib</file>
         <name>fs_itof.asm.obj</name>
      </input_file>
      <input_file id="fl-99">
         <path>C:\ti\ccs2041\ccs\tools\compiler\ti-cgt-msp430_21.6.1.LTS\lib\</path>
         <kind>archive</kind>
         <file>rts430x_lc_ld_eabi.lib</file>
         <name>fs_ltof.asm.obj</name>
      </input_file>
      <input_file id="fl-9a">
         <path>C:\ti\ccs2041\ccs\tools\compiler\ti-cgt-msp430_21.6.1.LTS\lib\</path>
         <kind>archive</kind>
         <file>rts430x_lc_ld_eabi.lib</file>
         <name>fs_utof.asm.obj</name>
      </input_file>
      <input_file id="fl-9b">
         <path>C:\ti\ccs2041\ccs\tools\compiler\ti-cgt-msp430_21.6.1.LTS\lib\</path>
         <kind>archive</kind>
         <file>rts430x_lc_ld_eabi.lib</file>
         <name>fs_ultof.asm.obj</name>
      </input_file>
      <input_file id="fl-9c">
         <path>C:\ti\ccs2041\ccs\tools\compiler\ti-cgt-msp430_21.6.1.LTS\lib\</path>
         <kind>archive</kind>
         <file>rts430x_lc_ld_eabi.lib</file>
         <name>fs_mpy.asm.obj</name>
      </input_file>
      <input_file id="fl-9d">
         <path>C:\ti\ccs2041\ccs\tools\compiler\ti-cgt-msp430_21.6.1.LTS\lib\</path>
         <kind>archive</kind>
         <file>rts430x_lc_ld_eabi.lib</file>
         <name>mult16.asm.obj</name>
      </input_file>
      <input_file id="fl-9e">
         <path>C:\ti\ccs2041\ccs\tools\compiler\ti-cgt-msp430_21.6.1.LTS\lib\</path>
         <kind>archive</kind>
         <file>rts430x_lc_ld_eabi.lib</file>
         <name>mult16_f5hw.asm.obj</name>
      </input_file>
      <input_file id="fl-9f">
         <path>C:\ti\ccs2041\ccs\tools\compiler\ti-cgt-msp430_21.6.1.LTS\lib\</path>
         <kind>archive</kind>
         <file>rts430x_lc_ld_eabi.lib</file>
         <name>mult32.asm.obj</name>
      </input_file>
      <input_file id="fl-a0">
         <path>C:\ti\ccs2041\ccs\tools\compiler\ti-cgt-msp430_21.6.1.LTS\lib\</path>
         <kind>archive</kind>
         <file>rts430x_lc_ld_eabi.lib</file>
         <name>mult32_f5hw.asm.obj</name>
      </input_file>
      <input_file id="fl-a1">
         <path>C:\ti\ccs2041\ccs\tools\compiler\ti-cgt-msp430_21.6.1.LTS\lib\</path>
         <kind>archive</kind>
         <file>rts430x_lc_ld_eabi.lib</file>
         <name>mult64_f5hw.asm.obj</name>
      </input_file>
      <input_file id="fl-a2">
         <path>C:\ti\ccs2041\ccs\tools\compiler\ti-cgt-msp430_21.6.1.LTS\lib\</path>
         <kind>archive</kind>
         <file>rts430x_lc_ld_eabi.lib</file>
         <name>mult1632.asm.obj</name>
      </input_file>
      <input_file id="fl-a3">
         <path>C:\ti\ccs2041\ccs\tools\compiler\ti-cgt-msp430_21.6.1.LTS\lib\</path>
         <kind>archive</kind>
         <file>rts430x_lc_ld_eabi.lib</file>
         <name>mult1632_f5hw.asm.obj</name>
      </input_file>
      <input_file id="fl-a4">
         <path>C:\ti\ccs2041\ccs\tools\compiler\ti-cgt-msp430_21.6.1.LTS\lib\</path>
         <kind>archive</kind>
         <file>rts430x_lc_ld_eabi.lib</file>
         <name>mult3264.asm.obj</name>
      </input_file>
      <input_file id="fl-a5">
         <path>C:\ti\ccs2041\ccs\tools\compiler\ti-cgt-msp430_21.6.1.LTS\lib\</path>
         <kind>archive</kind>
         <file>rts430x_lc_ld_eabi.lib</file>
         <name>mult64.asm.obj</name>
      </input_file>
      <input_file id="fl-a6">
         <path>C:\ti\ccs2041\ccs\tools\compiler\ti-cgt-msp430_21.6.1.LTS\lib\</path>
         <kind>archive</kind>
         <file>rts430x_lc_ld_eabi.lib</file>
         <name>mult3264_f5hw.asm.obj</name>
      </input_file>
      <input_file id="fl-a7">
         <path>C:\ti\ccs2041\ccs\tools\compiler\ti-cgt-msp430_21.6.1.LTS\lib\</path>
         <kind>archive</kind>
         <file>rts430x_lc_ld_eabi.lib</file>
         <name>fs_neg.asm.obj</name>
      </input_file>
      <input_file id="fl-a8">
         <path>C:\ti\ccs2041\ccs\tools\compiler\ti-cgt-msp430_21.6.1.LTS\lib\</path>
         <kind>archive</kind>
         <file>rts430x_lc_ld_eabi.lib</file>
         <name>lsl16.asm.obj</name>
      </input_file>
      <input_file id="fl-a9">
         <path>C:\ti\ccs2041\ccs\tools\compiler\ti-cgt-msp430_21.6.1.LTS\lib\</path>
         <kind>archive</kind>
         <file>rts430x_lc_ld_eabi.lib</file>
         <name>lsl32.asm.obj</name>
      </input_file>
      <input_file id="fl-aa">
         <path>C:\ti\ccs2041\ccs\tools\compiler\ti-cgt-msp430_21.6.1.LTS\lib\</path>
         <kind>archive</kind>
         <file>rts430x_lc_ld_eabi.lib</file>
         <name>asr32.asm.obj</name>
      </input_file>
      <input_file id="fl-ab">
         <path>C:\ti\ccs2041\ccs\tools\compiler\ti-cgt-msp430_21.6.1.LTS\lib\</path>
         <kind>archive</kind>
         <file>rts430x_lc_ld_eabi.lib</file>
         <name>asr64.c.obj</name>
      </input_file>
      <input_file id="fl-ac">
         <path>C:\ti\ccs2041\ccs\tools\compiler\ti-cgt-msp430_21.6.1.LTS\lib\</path>
         <kind>archive</kind>
         <file>rts430x_lc_ld_eabi.lib</file>
         <name>lsr16.asm.obj</name>
      </input_file>
      <input_file id="fl-ad">
         <path>C:\ti\ccs2041\ccs\tools\compiler\ti-cgt-msp430_21.6.1.LTS\lib\</path>
         <kind>archive</kind>
         <file>rts430x_lc_ld_eabi.lib</file>
         <name>lsr32.asm.obj</name>
      </input_file>
      <input_file id="fl-ae">
         <path>C:\ti\ccs2041\ccs\tools\compiler\ti-cgt-msp430_21.6.1.LTS\lib\</path>
         <kind>archive</kind>
         <file>rts430x_lc_ld_eabi.lib</file>
         <name>lsr64.c.obj</name>
      </input_file>
      <input_file id="fl-af">
         <path>C:\ti\ccs2041\ccs\tools\compiler\ti-cgt-msp430_21.6.1.LTS\lib\</path>
         <kind>archive</kind>
         <file>rts430x_lc_ld_eabi.lib</file>
         <name>boot.c.obj</name>
      </input_file>
      <input_file id="fl-b0">
         <path>C:\ti\ccs2041\ccs\ccs_base\msp430\lib\FR59xx\</path>
         <kind>archive</kind>
         <file>MSPMPU_INIT_LIB_CCS_msp430_large_code_large_data.lib</file>
         <name>mpu_init.o</name>
      </input_file>
      <input_file id="fl-b1">
         <path>C:\ti\ccs2041\ccs\tools\compiler\ti-cgt-msp430_21.6.1.LTS\lib\</path>
         <kind>archive</kind>
         <file>rts430x_lc_ld_eabi.lib</file>
         <name>args_main.c.obj</name>
      </input_file>
      <input_file id="fl-b2">
         <path>C:\ti\ccs2041\ccs\tools\compiler\ti-cgt-msp430_21.6.1.LTS\lib\</path>
         <kind>archive</kind>
         <file>rts430x_lc_ld_eabi.lib</file>
         <name>autoinit.c.obj</name>
      </input_file>
      <input_file id="fl-b3">
         <path>C:\ti\ccs2041\ccs\tools\compiler\ti-cgt-msp430_21.6.1.LTS\lib\</path>
         <kind>archive</kind>
         <file>rts430x_lc_ld_eabi.lib</file>
         <name>startup.c.obj</name>
      </input_file>
      <input_file id="fl-b4">
         <path>C:\ti\ccs2041\ccs\tools\compiler\ti-cgt-msp430_21.6.1.LTS\lib\</path>
         <kind>archive</kind>
         <file>rts430x_lc_ld_eabi.lib</file>
         <name>abs.c.obj</name>
      </input_file>
      <input_file id="fl-b5">
         <path>C:\ti\msp\USS_02_30_00_03\USS\lib\USS\CCS\</path>
         <kind>archive</kind>
         <file>USS_SW_CCS_large_code_large_data.lib</file>
         <name>ussSwLibCommonAlgorithms.obj</name>
      </input_file>
      <input_file id="fl-b6">
         <path>C:\ti\ccs2041\ccs\tools\compiler\ti-cgt-msp430_21.6.1.LTS\lib\</path>
         <kind>archive</kind>
         <file>rts430x_lc_ld_eabi.lib</file>
         <name>cpy_tbl.c.obj</name>
      </input_file>
      <input_file id="fl-b7">
         <path>C:\ti\ccs2041\ccs\tools\compiler\ti-cgt-msp430_21.6.1.LTS\lib\</path>
         <kind>archive</kind>
         <file>rts430x_lc_ld_eabi.lib</file>
         <name>exit.c.obj</name>
      </input_file>
      <input_file id="fl-b8">
         <path>C:\ti\ccs2041\ccs\tools\compiler\ti-cgt-msp430_21.6.1.LTS\lib\</path>
         <kind>archive</kind>
         <file>rts430x_lc_ld_eabi.lib</file>
         <name>exit_gvars.c.obj</name>
      </input_file>
      <input_file id="fl-b9">
         <path>C:\ti\ccs2041\ccs\tools\compiler\ti-cgt-msp430_21.6.1.LTS\lib\</path>
         <kind>archive</kind>
         <file>rts430x_lc_ld_eabi.lib</file>
         <name>_lock.c.obj</name>
      </input_file>
      <input_file id="fl-ba">
         <path>C:\ti\ccs2041\ccs\tools\compiler\ti-cgt-msp430_21.6.1.LTS\lib\</path>
         <kind>archive</kind>
         <file>rts430x_lc_ld_eabi.lib</file>
         <name>labs.c.obj</name>
      </input_file>
      <input_file id="fl-bb">
         <path>C:\ti\ccs2041\ccs\tools\compiler\ti-cgt-msp430_21.6.1.LTS\lib\</path>
         <kind>archive</kind>
         <file>rts430x_lc_ld_eabi.lib</file>
         <name>e_log10f.c.obj</name>
      </input_file>
      <input_file id="fl-bc">
         <path>C:\ti\ccs2041\ccs\tools\compiler\ti-cgt-msp430_21.6.1.LTS\lib\</path>
         <kind>archive</kind>
         <file>rts430x_lc_ld_eabi.lib</file>
         <name>errno.c.obj</name>
      </input_file>
      <input_file id="fl-bd">
         <path>C:\ti\ccs2041\ccs\tools\compiler\ti-cgt-msp430_21.6.1.LTS\lib\</path>
         <kind>archive</kind>
         <file>rts430x_lc_ld_eabi.lib</file>
         <name>memcpy.c.obj</name>
      </input_file>
   </input_file_list>
   <object_component_list>
      <object_component id="oc-b0d">
         <name>.TI.persistent:gNVMemBlock</name>
         <load_address>0x6000</load_address>
         <run_address>0x6000</run_address>
         <size>0xfa0</size>
         <input_file_ref idref="fl-4"/>
      </object_component>
      <object_component id="oc-9c1">
         <name>.TI.persistent:ussAlgConfig</name>
         <load_address>0x6fa0</load_address>
         <run_address>0x6fa0</run_address>
         <size>0x8a</size>
         <input_file_ref idref="fl-4"/>
      </object_component>
      <object_component id="oc-873">
         <name>.TI.persistent</name>
         <load_address>0x702a</load_address>
         <run_address>0x702a</run_address>
         <size>0x38</size>
         <input_file_ref idref="fl-5"/>
      </object_component>
      <object_component id="oc-b10">
         <name>.TI.persistent:gUSSHilbertCoeffs</name>
         <load_address>0x7062</load_address>
         <run_address>0x7062</run_address>
         <size>0x30</size>
         <input_file_ref idref="fl-4"/>
      </object_component>
      <object_component id="oc-c3b">
         <name>.TI.persistent:epulse</name>
         <load_address>0x7092</load_address>
         <run_address>0x7092</run_address>
         <size>0x28</size>
         <input_file_ref idref="fl-4"/>
      </object_component>
      <object_component id="oc-c41">
         <name>.TI.persistent:hper</name>
         <load_address>0x70ba</load_address>
         <run_address>0x70ba</run_address>
         <size>0x28</size>
         <input_file_ref idref="fl-4"/>
      </object_component>
      <object_component id="oc-c3e">
         <name>.TI.persistent:lper</name>
         <load_address>0x70e2</load_address>
         <run_address>0x70e2</run_address>
         <size>0x28</size>
         <input_file_ref idref="fl-4"/>
      </object_component>
      <object_component id="oc-bea">
         <name>.TI.persistent:multiToneConfig</name>
         <load_address>0x710a</load_address>
         <run_address>0x710a</run_address>
         <size>0x28</size>
         <input_file_ref idref="fl-4"/>
      </object_component>
      <object_component id="oc-c4a">
         <name>.TI.persistent:xhper</name>
         <load_address>0x7132</load_address>
         <run_address>0x7132</run_address>
         <size>0x28</size>
         <input_file_ref idref="fl-4"/>
      </object_component>
      <object_component id="oc-c47">
         <name>.TI.persistent:xlper</name>
         <load_address>0x715a</load_address>
         <run_address>0x715a</run_address>
         <size>0x28</size>
         <input_file_ref idref="fl-4"/>
      </object_component>
      <object_component id="oc-c44">
         <name>.TI.persistent:xpulse</name>
         <load_address>0x7182</load_address>
         <run_address>0x7182</run_address>
         <size>0x28</size>
         <input_file_ref idref="fl-4"/>
      </object_component>
      <object_component id="oc-8eb">
         <name>.TI.persistent:gUssSWConfig</name>
         <load_address>0x71aa</load_address>
         <run_address>0x71aa</run_address>
         <size>0x22</size>
         <input_file_ref idref="fl-4"/>
      </object_component>
      <object_component id="oc-9b5">
         <name>.TI.persistent:ussMeasurementConfig</name>
         <load_address>0x71cc</load_address>
         <run_address>0x71cc</run_address>
         <size>0x22</size>
         <input_file_ref idref="fl-4"/>
      </object_component>
      <object_component id="oc-9bb">
         <name>.TI.persistent:ussCaptureConfig</name>
         <load_address>0x71ee</load_address>
         <run_address>0x71ee</run_address>
         <size>0x1a</size>
         <input_file_ref idref="fl-4"/>
      </object_component>
      <object_component id="oc-c50">
         <name>.TI.persistent:ussEndOfSeq</name>
         <load_address>0x7208</load_address>
         <run_address>0x7208</run_address>
         <size>0x1a</size>
         <input_file_ref idref="fl-4"/>
      </object_component>
      <object_component id="oc-aff">
         <name>.TI.persistent:ussPulseConfig</name>
         <load_address>0x7222</load_address>
         <run_address>0x7222</run_address>
         <size>0x14</size>
         <input_file_ref idref="fl-4"/>
      </object_component>
      <object_component id="oc-9b2">
         <name>.TI.persistent:ussMeterConfig</name>
         <load_address>0x7236</load_address>
         <run_address>0x7236</run_address>
         <size>0x10</size>
         <input_file_ref idref="fl-4"/>
      </object_component>
      <object_component id="oc-9b8">
         <name>.TI.persistent:ussPLLConfig</name>
         <load_address>0x7246</load_address>
         <run_address>0x7246</run_address>
         <size>0xc</size>
         <input_file_ref idref="fl-4"/>
      </object_component>
      <object_component id="oc-9af">
         <name>.TI.persistent:ussSystemConfig</name>
         <load_address>0x7252</load_address>
         <run_address>0x7252</run_address>
         <size>0xc</size>
         <input_file_ref idref="fl-4"/>
      </object_component>
      <object_component id="oc-9c4">
         <name>.TI.persistent:ussInterruptConfig</name>
         <load_address>0x725e</load_address>
         <run_address>0x725e</run_address>
         <size>0x2</size>
         <input_file_ref idref="fl-4"/>
      </object_component>
      <object_component id="oc-9be">
         <name>.TI.persistent:ussTriggerConfig</name>
         <load_address>0x7260</load_address>
         <run_address>0x7260</run_address>
         <size>0x2</size>
         <input_file_ref idref="fl-4"/>
      </object_component>
      <object_component id="oc-7cf">
         <name>.libVersion:retain</name>
         <load_address>0x15ff0</load_address>
         <run_address>0x15ff0</run_address>
         <size>0x8</size>
         <input_file_ref idref="fl-b5"/>
      </object_component>
      <object_component id="oc-d22">
         <name>.cinit..bss.load</name>
         <load_address>0xac78</load_address>
         <run_address>0xac78</run_address>
         <size>0x6</size>
      </object_component>
      <object_component id="oc-d2a">
         <name>.cinit..leaRAM.load</name>
         <load_address>0xac7e</load_address>
         <run_address>0xac7e</run_address>
         <size>0x6</size>
      </object_component>
      <object_component id="oc-d23">
         <name>.cinit..ram_thrill.load</name>
         <load_address>0xac84</load_address>
         <run_address>0xac84</run_address>
         <size>0x6</size>
      </object_component>
      <object_component id="oc-d20">
         <name>__TI_handler_table</name>
         <load_address>0xac8a</load_address>
         <run_address>0xac8a</run_address>
         <size>0x4</size>
      </object_component>
      <object_component id="oc-d21">
         <name>__TI_cinit_table</name>
         <load_address>0xac8e</load_address>
         <run_address>0xac8e</run_address>
         <size>0x18</size>
      </object_component>
      <object_component id="oc-caf">
         <name>.binit</name>
         <load_address>0x6000</load_address>
         <run_address>0x6000</run_address>
         <size>0x0</size>
      </object_component>
      <object_component id="oc-7e8">
         <name>.text:_isr:ISR_SDHS</name>
         <load_address>0x7f90</load_address>
         <run_address>0x7f90</run_address>
         <size>0x9e</size>
         <input_file_ref idref="fl-5"/>
      </object_component>
      <object_component id="oc-7ee">
         <name>.text:_isr:ISR_SAPH</name>
         <load_address>0x802e</load_address>
         <run_address>0x802e</run_address>
         <size>0x6a</size>
         <input_file_ref idref="fl-5"/>
      </object_component>
      <object_component id="oc-7fa">
         <name>.text:_isr:ISR_UUPS</name>
         <load_address>0x8098</load_address>
         <run_address>0x8098</run_address>
         <size>0x52</size>
         <input_file_ref idref="fl-5"/>
      </object_component>
      <object_component id="oc-81d">
         <name>.text:_isr:USSLIB_HAL_TIMER_RXEN_INT</name>
         <load_address>0x80ea</load_address>
         <run_address>0x80ea</run_address>
         <size>0x48</size>
         <input_file_ref idref="fl-5"/>
      </object_component>
      <object_component id="oc-80b">
         <name>.text:_isr:USSLIB_HAL_TIMER_INT_CCRn</name>
         <load_address>0x8132</load_address>
         <run_address>0x8132</run_address>
         <size>0x2a</size>
         <input_file_ref idref="fl-5"/>
      </object_component>
      <object_component id="oc-7f4">
         <name>.text:_isr:ISR_HSPLL</name>
         <load_address>0x815c</load_address>
         <run_address>0x815c</run_address>
         <size>0x24</size>
         <input_file_ref idref="fl-5"/>
      </object_component>
      <object_component id="oc-811">
         <name>.text:_isr:USSLIB_HAL_TIMER_INT</name>
         <load_address>0x8180</load_address>
         <run_address>0x8180</run_address>
         <size>0x22</size>
         <input_file_ref idref="fl-5"/>
      </object_component>
      <object_component id="oc-800">
         <name>.text:_isr:USS_LEA_ISR</name>
         <load_address>0x81a2</load_address>
         <run_address>0x81a2</run_address>
         <size>0x20</size>
         <input_file_ref idref="fl-5"/>
      </object_component>
      <object_component id="oc-84d">
         <name>.text:_isr:_c_int00_noargs_mpu</name>
         <load_address>0x81c2</load_address>
         <run_address>0x81c2</run_address>
         <size>0x20</size>
         <input_file_ref idref="fl-af"/>
      </object_component>
      <object_component id="oc-817">
         <name>.text:_isr:DMA_HSPLL</name>
         <load_address>0x81e2</load_address>
         <run_address>0x81e2</run_address>
         <size>0xa</size>
         <input_file_ref idref="fl-5"/>
      </object_component>
      <object_component id="oc-806">
         <name>.text:_isr:__TI_ISR_TRAP</name>
         <load_address>0x81ec</load_address>
         <run_address>0x81ec</run_address>
         <size>0x8</size>
         <input_file_ref idref="fl-6e"/>
      </object_component>
      <object_component id="oc-c60">
         <name>.USS_ramfunc:USS_computeAbsTOF_hilbert</name>
         <load_address>0x7400</load_address>
         <run_address>0x7400</run_address>
         <size>0x296</size>
         <input_file_ref idref="fl-55"/>
      </object_component>
      <object_component id="oc-caa">
         <name>.USS_ramfunc:USS_iq30Atan2</name>
         <load_address>0x7696</load_address>
         <run_address>0x7696</run_address>
         <size>0x1d6</size>
         <input_file_ref idref="fl-5f"/>
      </object_component>
      <object_component id="oc-c88">
         <name>.USS_ramfunc:USS_computeAbsTOF_lobe_track</name>
         <load_address>0x786c</load_address>
         <run_address>0x786c</run_address>
         <size>0x178</size>
         <input_file_ref idref="fl-57"/>
      </object_component>
      <object_component id="oc-c92">
         <name>.USS_ramfunc:USS_corr3</name>
         <load_address>0x79e4</load_address>
         <run_address>0x79e4</run_address>
         <size>0x152</size>
         <input_file_ref idref="fl-52"/>
      </object_component>
      <object_component id="oc-c7b">
         <name>.USS_ramfunc:USS_iq31Div</name>
         <load_address>0x7b36</load_address>
         <run_address>0x7b36</run_address>
         <size>0xfc</size>
         <input_file_ref idref="fl-5f"/>
      </object_component>
      <object_component id="oc-c99">
         <name>.USS_ramfunc:USS_cosInterpolation</name>
         <load_address>0x7c32</load_address>
         <run_address>0x7c32</run_address>
         <size>0xd6</size>
         <input_file_ref idref="fl-5d"/>
      </object_component>
      <object_component id="oc-cac">
         <name>.USS_ramfunc:USS_iq31toiq29Asin</name>
         <load_address>0x7d08</load_address>
         <run_address>0x7d08</run_address>
         <size>0xb4</size>
         <input_file_ref idref="fl-5f"/>
      </object_component>
      <object_component id="oc-cad">
         <name>.USS_ramfunc:USS_iq31Cos</name>
         <load_address>0x7dbc</load_address>
         <run_address>0x7dbc</run_address>
         <size>0x92</size>
         <input_file_ref idref="fl-5f"/>
      </object_component>
      <object_component id="oc-c91">
         <name>.USS_ramfunc:USS_runWindow</name>
         <load_address>0x7e4e</load_address>
         <run_address>0x7e4e</run_address>
         <size>0x8a</size>
         <input_file_ref idref="fl-52"/>
      </object_component>
      <object_component id="oc-c61">
         <name>.USS_ramfunc:USS_computeAbsTOF_lobe</name>
         <load_address>0x7ed8</load_address>
         <run_address>0x7ed8</run_address>
         <size>0x58</size>
         <input_file_ref idref="fl-57"/>
      </object_component>
      <object_component id="oc-c7d">
         <name>.USS_ramfunc:USS_runParabolicInterpolation32</name>
         <load_address>0x7f30</load_address>
         <run_address>0x7f30</run_address>
         <size>0x42</size>
         <input_file_ref idref="fl-52"/>
      </object_component>
      <object_component id="oc-ca4">
         <name>.USS_ramfunc:USS_runParabolicInterpolation</name>
         <load_address>0x7f72</load_address>
         <run_address>0x7f72</run_address>
         <size>0x1e</size>
         <input_file_ref idref="fl-52"/>
      </object_component>
      <object_component id="oc-cae">
         <name>.const:_Q16div_coeffs</name>
         <load_address>0xa996</load_address>
         <run_address>0xa996</run_address>
         <size>0x100</size>
         <input_file_ref idref="fl-6a"/>
      </object_component>
      <object_component id="oc-c33">
         <name>.const:_IQ31CosLookup</name>
         <load_address>0xaa96</load_address>
         <run_address>0xaa96</run_address>
         <size>0xd0</size>
         <input_file_ref idref="fl-67"/>
      </object_component>
      <object_component id="oc-c34">
         <name>.const:_IQ31SinLookup</name>
         <load_address>0xab66</load_address>
         <run_address>0xab66</run_address>
         <size>0xd0</size>
         <input_file_ref idref="fl-67"/>
      </object_component>
      <object_component id="oc-a36">
         <name>.const:.string:_IQ6div_lookup</name>
         <load_address>0xac36</load_address>
         <run_address>0xac36</run_address>
         <size>0x41</size>
         <input_file_ref idref="fl-67"/>
      </object_component>
      <object_component id="oc-98a">
         <name>.text:USS_updateHSPLLConfiguration</name>
         <load_address>0x81f4</load_address>
         <run_address>0x81f4</run_address>
         <size>0x114</size>
         <input_file_ref idref="fl-10"/>
      </object_component>
      <object_component id="oc-bde">
         <name>.text:privatePadPulses</name>
         <load_address>0x8308</load_address>
         <run_address>0x8308</run_address>
         <size>0xf6</size>
         <input_file_ref idref="fl-9"/>
      </object_component>
      <object_component id="oc-bc8">
         <name>.text:commonGetHSPLLFreqInHz</name>
         <load_address>0x83fe</load_address>
         <run_address>0x83fe</run_address>
         <size>0xca</size>
         <input_file_ref idref="fl-7"/>
      </object_component>
      <object_component id="oc-9ce">
         <name>.text:commonGetPLLFreqInHz</name>
         <load_address>0x84c8</load_address>
         <run_address>0x84c8</run_address>
         <size>0xca</size>
         <input_file_ref idref="fl-b5"/>
      </object_component>
      <object_component id="oc-cab">
         <name>.text:_Q15div</name>
         <load_address>0x8592</load_address>
         <run_address>0x8592</run_address>
         <size>0xbe</size>
         <input_file_ref idref="fl-69"/>
      </object_component>
      <object_component id="oc-a62">
         <name>.text:USS_getResultsInFloat</name>
         <load_address>0x8650</load_address>
         <run_address>0x8650</run_address>
         <size>0xba</size>
         <input_file_ref idref="fl-51"/>
      </object_component>
      <object_component id="oc-b7d">
         <name>.text:commonIsconversionSuccessfull</name>
         <load_address>0x870a</load_address>
         <run_address>0x870a</run_address>
         <size>0xba</size>
         <input_file_ref idref="fl-c"/>
      </object_component>
      <object_component id="oc-a2a">
         <name>.text</name>
         <load_address>0x87c4</load_address>
         <run_address>0x87c4</run_address>
         <size>0xb8</size>
         <input_file_ref idref="fl-9c"/>
      </object_component>
      <object_component id="oc-c18">
         <name>.text:privatePadCaptures</name>
         <load_address>0x887c</load_address>
         <run_address>0x887c</run_address>
         <size>0xb6</size>
         <input_file_ref idref="fl-51"/>
      </object_component>
      <object_component id="oc-9de">
         <name>.text:privateGeneratePattern</name>
         <load_address>0x8932</load_address>
         <run_address>0x8932</run_address>
         <size>0xb2</size>
         <input_file_ref idref="fl-51"/>
      </object_component>
      <object_component id="oc-c5d">
         <name>.text:USS_filter</name>
         <load_address>0x89e4</load_address>
         <run_address>0x89e4</run_address>
         <size>0xae</size>
         <input_file_ref idref="fl-5e"/>
      </object_component>
      <object_component id="oc-c1b">
         <name>.text:USS_addOffset</name>
         <load_address>0x8a92</load_address>
         <run_address>0x8a92</run_address>
         <size>0xa6</size>
         <input_file_ref idref="fl-52"/>
      </object_component>
      <object_component id="oc-c16">
         <name>.text:USS_scaleSamples</name>
         <load_address>0x8b38</load_address>
         <run_address>0x8b38</run_address>
         <size>0xa6</size>
         <input_file_ref idref="fl-52"/>
      </object_component>
      <object_component id="oc-c77">
         <name>.text:USS_copyArrayRight</name>
         <load_address>0x8bde</load_address>
         <run_address>0x8bde</run_address>
         <size>0xa2</size>
         <input_file_ref idref="fl-52"/>
      </object_component>
      <object_component id="oc-c1a">
         <name>.text:USS_addSamples</name>
         <load_address>0x8c80</load_address>
         <run_address>0x8c80</run_address>
         <size>0x9e</size>
         <input_file_ref idref="fl-52"/>
      </object_component>
      <object_component id="oc-ca1">
         <name>.text:USS_corr</name>
         <load_address>0x8d1e</load_address>
         <run_address>0x8d1e</run_address>
         <size>0x9c</size>
         <input_file_ref idref="fl-52"/>
      </object_component>
      <object_component id="oc-c79">
         <name>.text:USS_fir</name>
         <load_address>0x8dba</load_address>
         <run_address>0x8dba</run_address>
         <size>0x9c</size>
         <input_file_ref idref="fl-52"/>
      </object_component>
      <object_component id="oc-c5c">
         <name>.text:USS_copyArrayLeft</name>
         <load_address>0x8e56</load_address>
         <run_address>0x8e56</run_address>
         <size>0x98</size>
         <input_file_ref idref="fl-52"/>
      </object_component>
      <object_component id="oc-adc">
         <name>.text:commonUpdateUSSULPbiasDelay</name>
         <load_address>0x8eee</load_address>
         <run_address>0x8eee</run_address>
         <size>0x96</size>
         <input_file_ref idref="fl-c"/>
      </object_component>
      <object_component id="oc-c15">
         <name>.text:USS_copy</name>
         <load_address>0x8f84</load_address>
         <run_address>0x8f84</run_address>
         <size>0x94</size>
         <input_file_ref idref="fl-52"/>
      </object_component>
      <object_component id="oc-9df">
         <name>.text</name>
         <load_address>0x9018</load_address>
         <run_address>0x9018</run_address>
         <size>0x90</size>
         <input_file_ref idref="fl-8f"/>
      </object_component>
      <object_component id="oc-891">
         <name>.text:_system_pre_init</name>
         <load_address>0x90a8</load_address>
         <run_address>0x90a8</run_address>
         <size>0x8c</size>
         <input_file_ref idref="fl-3"/>
      </object_component>
      <object_component id="oc-c64">
         <name>.text:USS_computeVolumeFlowRate_gas</name>
         <load_address>0x9134</load_address>
         <run_address>0x9134</run_address>
         <size>0x8a</size>
         <input_file_ref idref="fl-5b"/>
      </object_component>
      <object_component id="oc-c65">
         <name>.text:USS_computeVolumeFlowRate_water</name>
         <load_address>0x91be</load_address>
         <run_address>0x91be</run_address>
         <size>0x8a</size>
         <input_file_ref idref="fl-5c"/>
      </object_component>
      <object_component id="oc-c78">
         <name>.text:USS_zeroInit</name>
         <load_address>0x9248</load_address>
         <run_address>0x9248</run_address>
         <size>0x88</size>
         <input_file_ref idref="fl-52"/>
      </object_component>
      <object_component id="oc-ca9">
         <name>.text:USS_generateOmega</name>
         <load_address>0x92d0</load_address>
         <run_address>0x92d0</run_address>
         <size>0x82</size>
         <input_file_ref idref="fl-5d"/>
      </object_component>
      <object_component id="oc-998">
         <name>.text:USS_updateSDHSConfiguration</name>
         <load_address>0x9352</load_address>
         <run_address>0x9352</run_address>
         <size>0x82</size>
         <input_file_ref idref="fl-10"/>
      </object_component>
      <object_component id="oc-c86">
         <name>.text:_IQ15rsmpy</name>
         <load_address>0x93d4</load_address>
         <run_address>0x93d4</run_address>
         <size>0x80</size>
         <input_file_ref idref="fl-63"/>
      </object_component>
      <object_component id="oc-ae8">
         <name>.text:commonTimerGenerateLowPowerDelay</name>
         <load_address>0x9454</load_address>
         <run_address>0x9454</run_address>
         <size>0x80</size>
         <input_file_ref idref="fl-b"/>
      </object_component>
      <object_component id="oc-ca5">
         <name>.text:_IQ19rsmpy</name>
         <load_address>0x94d4</load_address>
         <run_address>0x94d4</run_address>
         <size>0x7e</size>
         <input_file_ref idref="fl-63"/>
      </object_component>
      <object_component id="oc-a2f">
         <name>.text</name>
         <load_address>0x9552</load_address>
         <run_address>0x9552</run_address>
         <size>0x7e</size>
         <input_file_ref idref="fl-95"/>
      </object_component>
      <object_component id="oc-c7f">
         <name>.text:_IQ30rsmpy</name>
         <load_address>0x95d0</load_address>
         <run_address>0x95d0</run_address>
         <size>0x7c</size>
         <input_file_ref idref="fl-63"/>
      </object_component>
      <object_component id="oc-ae2">
         <name>.text:commonValidateSDHSconfigruation</name>
         <load_address>0x964c</load_address>
         <run_address>0x964c</run_address>
         <size>0x7a</size>
         <input_file_ref idref="fl-a"/>
      </object_component>
      <object_component id="oc-93d">
         <name>.text:__TI_auto_init_nobinit_nopinit_hold_wdt:__TI_auto_init_nobinit_nopinit_hold_wdt</name>
         <load_address>0x96c6</load_address>
         <run_address>0x96c6</run_address>
         <size>0x78</size>
         <input_file_ref idref="fl-b2"/>
      </object_component>
      <object_component id="oc-a5b">
         <name>.text:USS_runAlgorithmsFixedPoint</name>
         <load_address>0x973e</load_address>
         <run_address>0x973e</run_address>
         <size>0x74</size>
         <input_file_ref idref="fl-51"/>
      </object_component>
      <object_component id="oc-b88">
         <name>.text:_IQ16toF</name>
         <load_address>0x97b2</load_address>
         <run_address>0x97b2</run_address>
         <size>0x72</size>
         <input_file_ref idref="fl-65"/>
      </object_component>
      <object_component id="oc-bdb">
         <name>.text:_IQ18toF</name>
         <load_address>0x9824</load_address>
         <run_address>0x9824</run_address>
         <size>0x72</size>
         <input_file_ref idref="fl-65"/>
      </object_component>
      <object_component id="oc-b53">
         <name>.text:_IQ21toF</name>
         <load_address>0x9896</load_address>
         <run_address>0x9896</run_address>
         <size>0x72</size>
         <input_file_ref idref="fl-65"/>
      </object_component>
      <object_component id="oc-b55">
         <name>.text:_IQ27toF</name>
         <load_address>0x9908</load_address>
         <run_address>0x9908</run_address>
         <size>0x72</size>
         <input_file_ref idref="fl-65"/>
      </object_component>
      <object_component id="oc-b87">
         <name>.text:_IQ30toF</name>
         <load_address>0x997a</load_address>
         <run_address>0x997a</run_address>
         <size>0x72</size>
         <input_file_ref idref="fl-65"/>
      </object_component>
      <object_component id="oc-8fe">
         <name>.text:USS_startLowPowerUltrasonicCapture</name>
         <load_address>0x99ec</load_address>
         <run_address>0x99ec</run_address>
         <size>0x6c</size>
         <input_file_ref idref="fl-12"/>
      </object_component>
      <object_component id="oc-8e5">
         <name>.text:USS_configureUltrasonicMeasurement</name>
         <load_address>0x9a58</load_address>
         <run_address>0x9a58</run_address>
         <size>0x6a</size>
         <input_file_ref idref="fl-12"/>
      </object_component>
      <object_component id="oc-b4a">
         <name>.text:commonValidateMeterConstantConfiguration</name>
         <load_address>0x9ac2</load_address>
         <run_address>0x9ac2</run_address>
         <size>0x68</size>
         <input_file_ref idref="fl-b5"/>
      </object_component>
      <object_component id="oc-a48">
         <name>.text</name>
         <load_address>0x9b2a</load_address>
         <run_address>0x9b2a</run_address>
         <size>0x68</size>
         <input_file_ref idref="fl-94"/>
      </object_component>
      <object_component id="oc-a37">
         <name>.text:commonValidateAlgorithmsConfiguration</name>
         <load_address>0x9b92</load_address>
         <run_address>0x9b92</run_address>
         <size>0x66</size>
         <input_file_ref idref="fl-b5"/>
      </object_component>
      <object_component id="oc-ca0">
         <name>.text:_IQ21mpy</name>
         <load_address>0x9bf8</load_address>
         <run_address>0x9bf8</run_address>
         <size>0x5c</size>
         <input_file_ref idref="fl-64"/>
      </object_component>
      <object_component id="oc-b71">
         <name>.text:commonWaitForconversion</name>
         <load_address>0x9c54</load_address>
         <run_address>0x9c54</run_address>
         <size>0x5a</size>
         <input_file_ref idref="fl-c"/>
      </object_component>
      <object_component id="oc-9d4">
         <name>.text</name>
         <load_address>0x9cae</load_address>
         <run_address>0x9cae</run_address>
         <size>0x58</size>
         <input_file_ref idref="fl-93"/>
      </object_component>
      <object_component id="oc-c8a">
         <name>.text:_IQ12rmpy</name>
         <load_address>0x9d06</load_address>
         <run_address>0x9d06</run_address>
         <size>0x56</size>
         <input_file_ref idref="fl-62"/>
      </object_component>
      <object_component id="oc-c7c">
         <name>.text:_IQ20mpy</name>
         <load_address>0x9d5c</load_address>
         <run_address>0x9d5c</run_address>
         <size>0x54</size>
         <input_file_ref idref="fl-64"/>
      </object_component>
      <object_component id="oc-a65">
         <name>.text:uartTxHexByte</name>
         <load_address>0x9db0</load_address>
         <run_address>0x9db0</run_address>
         <size>0x52</size>
         <input_file_ref idref="fl-2"/>
      </object_component>
      <object_component id="oc-90a">
         <name>.text:uartTxUSSResult</name>
         <load_address>0x9e02</load_address>
         <run_address>0x9e02</run_address>
         <size>0x50</size>
         <input_file_ref idref="fl-2"/>
      </object_component>
      <object_component id="oc-b4c">
         <name>.text:USS_lea_init</name>
         <load_address>0x9e52</load_address>
         <run_address>0x9e52</run_address>
         <size>0x4e</size>
         <input_file_ref idref="fl-50"/>
      </object_component>
      <object_component id="oc-c80">
         <name>.text:_IQ19mpy</name>
         <load_address>0x9ea0</load_address>
         <run_address>0x9ea0</run_address>
         <size>0x4e</size>
         <input_file_ref idref="fl-64"/>
      </object_component>
      <object_component id="oc-ca6">
         <name>.text:_Q12rmpy</name>
         <load_address>0x9eee</load_address>
         <run_address>0x9eee</run_address>
         <size>0x4e</size>
         <input_file_ref idref="fl-68"/>
      </object_component>
      <object_component id="oc-9a6">
         <name>.text:commonTimerConfigureTimer</name>
         <load_address>0x9f3c</load_address>
         <run_address>0x9f3c</run_address>
         <size>0x4e</size>
         <input_file_ref idref="fl-b"/>
      </object_component>
      <object_component id="oc-99f">
         <name>.text:USS_updateUSSInterruptsConfiguration</name>
         <load_address>0x9f8a</load_address>
         <run_address>0x9f8a</run_address>
         <size>0x4c</size>
         <input_file_ref idref="fl-10"/>
      </object_component>
      <object_component id="oc-a05">
         <name>.text:commonTimerConfigurePeriodMeasurement</name>
         <load_address>0x9fd6</load_address>
         <run_address>0x9fd6</run_address>
         <size>0x4c</size>
         <input_file_ref idref="fl-b"/>
      </object_component>
      <object_component id="oc-9e9">
         <name>.text</name>
         <load_address>0xa022</load_address>
         <run_address>0xa022</run_address>
         <size>0x4c</size>
         <input_file_ref idref="fl-97"/>
      </object_component>
      <object_component id="oc-c7e">
         <name>.text:_IQ24mpy</name>
         <load_address>0xa06e</load_address>
         <run_address>0xa06e</run_address>
         <size>0x4a</size>
         <input_file_ref idref="fl-64"/>
      </object_component>
      <object_component id="oc-b1b">
         <name>.text</name>
         <load_address>0xa0b8</load_address>
         <run_address>0xa0b8</run_address>
         <size>0x4a</size>
         <input_file_ref idref="fl-8e"/>
      </object_component>
      <object_component id="oc-bd6">
         <name>.text</name>
         <load_address>0xa102</load_address>
         <run_address>0xa102</run_address>
         <size>0x4a</size>
         <input_file_ref idref="fl-99"/>
      </object_component>
      <object_component id="oc-c9a">
         <name>.text:_IQ30mpy</name>
         <load_address>0xa14c</load_address>
         <run_address>0xa14c</run_address>
         <size>0x48</size>
         <input_file_ref idref="fl-64"/>
      </object_component>
      <object_component id="oc-b35">
         <name>.text:commonTimerWaitEvent</name>
         <load_address>0xa194</load_address>
         <run_address>0xa194</run_address>
         <size>0x48</size>
         <input_file_ref idref="fl-b"/>
      </object_component>
      <object_component id="oc-b4d">
         <name>.text</name>
         <load_address>0xa1dc</load_address>
         <run_address>0xa1dc</run_address>
         <size>0x46</size>
         <input_file_ref idref="fl-96"/>
      </object_component>
      <object_component id="oc-bdc">
         <name>.text:_IQ17mpy</name>
         <load_address>0xa222</load_address>
         <run_address>0xa222</run_address>
         <size>0x42</size>
         <input_file_ref idref="fl-64"/>
      </object_component>
      <object_component id="oc-bc1">
         <name>.text</name>
         <load_address>0xa264</load_address>
         <run_address>0xa264</run_address>
         <size>0x40</size>
         <input_file_ref idref="fl-91"/>
      </object_component>
      <object_component id="oc-ac9">
         <name>.text:commonSDHSConfigModOpt</name>
         <load_address>0xa2a4</load_address>
         <run_address>0xa2a4</run_address>
         <size>0x3e</size>
         <input_file_ref idref="fl-a"/>
      </object_component>
      <object_component id="oc-a87">
         <name>.text:l_asr_const</name>
         <load_address>0xa2e2</load_address>
         <run_address>0xa2e2</run_address>
         <size>0x3e</size>
         <input_file_ref idref="fl-aa"/>
      </object_component>
      <object_component id="oc-bd1">
         <name>.text:l_lsl_const</name>
         <load_address>0xa320</load_address>
         <run_address>0xa320</run_address>
         <size>0x3e</size>
         <input_file_ref idref="fl-a9"/>
      </object_component>
      <object_component id="oc-a39">
         <name>.text:l_lsr_const</name>
         <load_address>0xa35e</load_address>
         <run_address>0xa35e</run_address>
         <size>0x3e</size>
         <input_file_ref idref="fl-ad"/>
      </object_component>
      <object_component id="oc-962">
         <name>.text:USS_resetUSSModule</name>
         <load_address>0xa39c</load_address>
         <run_address>0xa39c</run_address>
         <size>0x3c</size>
         <input_file_ref idref="fl-10"/>
      </object_component>
      <object_component id="oc-a23">
         <name>.text:commonSDHSRestoreSDHSDTCA</name>
         <load_address>0xa3d8</load_address>
         <run_address>0xa3d8</run_address>
         <size>0x3c</size>
         <input_file_ref idref="fl-a"/>
      </object_component>
      <object_component id="oc-a1d">
         <name>.text:__mspabi_srlll</name>
         <load_address>0xa414</load_address>
         <run_address>0xa414</run_address>
         <size>0x3a</size>
         <input_file_ref idref="fl-ae"/>
      </object_component>
      <object_component id="oc-a4d">
         <name>.text:commonTimerConfigureTick</name>
         <load_address>0xa44e</load_address>
         <run_address>0xa44e</run_address>
         <size>0x38</size>
         <input_file_ref idref="fl-b"/>
      </object_component>
      <object_component id="oc-a43">
         <name>.text</name>
         <load_address>0xa486</load_address>
         <run_address>0xa486</run_address>
         <size>0x36</size>
         <input_file_ref idref="fl-98"/>
      </object_component>
      <object_component id="oc-ab3">
         <name>.text:commonDetermineVariant</name>
         <load_address>0xa4bc</load_address>
         <run_address>0xa4bc</run_address>
         <size>0x34</size>
         <input_file_ref idref="fl-c"/>
      </object_component>
      <object_component id="oc-b2d">
         <name>.text:commonTimerPeriodMeasurementClear</name>
         <load_address>0xa4f0</load_address>
         <run_address>0xa4f0</run_address>
         <size>0x34</size>
         <input_file_ref idref="fl-b"/>
      </object_component>
      <object_component id="oc-c0d">
         <name>.text:commonDisableCaptureInterrupts</name>
         <load_address>0xa524</load_address>
         <run_address>0xa524</run_address>
         <size>0x32</size>
         <input_file_ref idref="fl-8"/>
      </object_component>
      <object_component id="oc-9f3">
         <name>.text:commonPrepareForUSSPowerUp</name>
         <load_address>0xa556</load_address>
         <run_address>0xa556</run_address>
         <size>0x32</size>
         <input_file_ref idref="fl-c"/>
      </object_component>
      <object_component id="oc-9d9">
         <name>.text</name>
         <load_address>0xa588</load_address>
         <run_address>0xa588</run_address>
         <size>0x32</size>
         <input_file_ref idref="fl-9b"/>
      </object_component>
      <object_component id="oc-c17">
         <name>.text:USS_getDNSPtr</name>
         <load_address>0xa5ba</load_address>
         <run_address>0xa5ba</run_address>
         <size>0x30</size>
         <input_file_ref idref="fl-51"/>
      </object_component>
      <object_component id="oc-c14">
         <name>.text:USS_getUPSPtr</name>
         <load_address>0xa5ea</load_address>
         <run_address>0xa5ea</run_address>
         <size>0x30</size>
         <input_file_ref idref="fl-51"/>
      </object_component>
      <object_component id="oc-b58">
         <name>.text:commonTimerConfigureDelay</name>
         <load_address>0xa61a</load_address>
         <run_address>0xa61a</run_address>
         <size>0x30</size>
         <input_file_ref idref="fl-b"/>
      </object_component>
      <object_component id="oc-ac3">
         <name>.text:commonValidateHSPLLconfiguration</name>
         <load_address>0xa64a</load_address>
         <run_address>0xa64a</run_address>
         <size>0x2e</size>
         <input_file_ref idref="fl-7"/>
      </object_component>
      <object_component id="oc-904">
         <name>.text:USS_runAlgorithms</name>
         <load_address>0xa678</load_address>
         <run_address>0xa678</run_address>
         <size>0x2c</size>
         <input_file_ref idref="fl-d"/>
      </object_component>
      <object_component id="oc-8a9">
         <name>.text:__mpu_init</name>
         <load_address>0xa6a4</load_address>
         <run_address>0xa6a4</run_address>
         <size>0x2c</size>
         <input_file_ref idref="fl-b0"/>
      </object_component>
      <object_component id="oc-96b">
         <name>.text:USSLIB_HAL_initGPIO</name>
         <load_address>0xa6d0</load_address>
         <run_address>0xa6d0</run_address>
         <size>0x2a</size>
         <input_file_ref idref="fl-5"/>
      </object_component>
      <object_component id="oc-97d">
         <name>.text:USS_registerSAPHInterruptCallback</name>
         <load_address>0xa6fa</load_address>
         <run_address>0xa6fa</run_address>
         <size>0x28</size>
         <input_file_ref idref="fl-11"/>
      </object_component>
      <object_component id="oc-c01">
         <name>.text:commonEnableCommonCaptureInterrupts</name>
         <load_address>0xa722</load_address>
         <run_address>0xa722</run_address>
         <size>0x28</size>
         <input_file_ref idref="fl-8"/>
      </object_component>
      <object_component id="oc-9ff">
         <name>.text:commonTimerPeriodMeasurementStart</name>
         <load_address>0xa74a</load_address>
         <run_address>0xa74a</run_address>
         <size>0x28</size>
         <input_file_ref idref="fl-b"/>
      </object_component>
      <object_component id="oc-a6c">
         <name>.text:commonTimerWaitTickEvent</name>
         <load_address>0xa772</load_address>
         <run_address>0xa772</run_address>
         <size>0x26</size>
         <input_file_ref idref="fl-b"/>
      </object_component>
      <object_component id="oc-829">
         <name>.text:decompress:ZI:__TI_zero_init</name>
         <load_address>0xa798</load_address>
         <run_address>0xa798</run_address>
         <size>0x24</size>
         <input_file_ref idref="fl-8c"/>
      </object_component>
      <object_component id="oc-9ee">
         <name>.text</name>
         <load_address>0xa7bc</load_address>
         <run_address>0xa7bc</run_address>
         <size>0x24</size>
         <input_file_ref idref="fl-9a"/>
      </object_component>
      <object_component id="oc-9cf">
         <name>.text</name>
         <load_address>0xa7e0</load_address>
         <run_address>0xa7e0</run_address>
         <size>0x24</size>
         <input_file_ref idref="fl-a0"/>
      </object_component>
      <object_component id="oc-983">
         <name>.text:USS_updateUUPSConfiguration</name>
         <load_address>0xa804</load_address>
         <run_address>0xa804</run_address>
         <size>0x1e</size>
         <input_file_ref idref="fl-10"/>
      </object_component>
      <object_component id="oc-aad">
         <name>.text:commonDetermineSiliconVersion</name>
         <load_address>0xa822</load_address>
         <run_address>0xa822</run_address>
         <size>0x1e</size>
         <input_file_ref idref="fl-c"/>
      </object_component>
      <object_component id="oc-9f9">
         <name>.text:commonPowerUpUSS</name>
         <load_address>0xa840</load_address>
         <run_address>0xa840</run_address>
         <size>0x1e</size>
         <input_file_ref idref="fl-c"/>
      </object_component>
      <object_component id="oc-b65">
         <name>.text:USSLIB_HAL_configGPIOForCapture</name>
         <load_address>0xa85e</load_address>
         <run_address>0xa85e</run_address>
         <size>0x1c</size>
         <input_file_ref idref="fl-5"/>
      </object_component>
      <object_component id="oc-c93">
         <name>.text:__mpysl</name>
         <load_address>0xa87a</load_address>
         <run_address>0xa87a</run_address>
         <size>0x1c</size>
         <input_file_ref idref="fl-a3"/>
      </object_component>
      <object_component id="oc-baf">
         <name>.text</name>
         <load_address>0xa896</load_address>
         <run_address>0xa896</run_address>
         <size>0x18</size>
         <input_file_ref idref="fl-9e"/>
      </object_component>
      <object_component id="oc-c35">
         <name>.text</name>
         <load_address>0xa8ae</load_address>
         <run_address>0xa8ae</run_address>
         <size>0x16</size>
         <input_file_ref idref="fl-92"/>
      </object_component>
      <object_component id="oc-b6b">
         <name>.text:USSLIB_HAL_startRxEnTimer</name>
         <load_address>0xa8c4</load_address>
         <run_address>0xa8c4</run_address>
         <size>0x12</size>
         <input_file_ref idref="fl-5"/>
      </object_component>
      <object_component id="oc-910">
         <name>.text:USS_waitForAppTimerElapse</name>
         <load_address>0xa8d6</load_address>
         <run_address>0xa8d6</run_address>
         <size>0x12</size>
         <input_file_ref idref="fl-12"/>
      </object_component>
      <object_component id="oc-971">
         <name>.text:USSLIB_HAL_configureRxEnTimer</name>
         <load_address>0xa8e8</load_address>
         <run_address>0xa8e8</run_address>
         <size>0x10</size>
         <input_file_ref idref="fl-5"/>
      </object_component>
      <object_component id="oc-b24">
         <name>.text:commonStabilizeOscillator</name>
         <load_address>0xa8f8</load_address>
         <run_address>0xa8f8</run_address>
         <size>0x10</size>
         <input_file_ref idref="fl-7"/>
      </object_component>
      <object_component id="oc-8f8">
         <name>.text:USS_configAppTimerPeriod</name>
         <load_address>0xa908</load_address>
         <run_address>0xa908</run_address>
         <size>0xe</size>
         <input_file_ref idref="fl-12"/>
      </object_component>
      <object_component id="oc-b44">
         <name>.text:labs</name>
         <load_address>0xa916</load_address>
         <run_address>0xa916</run_address>
         <size>0xe</size>
         <input_file_ref idref="fl-ba"/>
      </object_component>
      <object_component id="oc-b77">
         <name>.text:USSLIB_HAL_configGPIOAfterCapture</name>
         <load_address>0xa924</load_address>
         <run_address>0xa924</run_address>
         <size>0xc</size>
         <input_file_ref idref="fl-5"/>
      </object_component>
      <object_component id="oc-b5f">
         <name>.text:commonEnableCaptureInterrupts</name>
         <load_address>0xa930</load_address>
         <run_address>0xa930</run_address>
         <size>0xc</size>
         <input_file_ref idref="fl-8"/>
      </object_component>
      <object_component id="oc-8df">
         <name>.text:USS_registerHSPLLInterruptCallback</name>
         <load_address>0xa93c</load_address>
         <run_address>0xa93c</run_address>
         <size>0xa</size>
         <input_file_ref idref="fl-11"/>
      </object_component>
      <object_component id="oc-c8b">
         <name>.text:abs</name>
         <load_address>0xa946</load_address>
         <run_address>0xa946</run_address>
         <size>0xa</size>
         <input_file_ref idref="fl-b4"/>
      </object_component>
      <object_component id="oc-a0b">
         <name>.text:commonTimerPeriodMeasurementWaitEvent1</name>
         <load_address>0xa950</load_address>
         <run_address>0xa950</run_address>
         <size>0xa</size>
         <input_file_ref idref="fl-b"/>
      </object_component>
      <object_component id="oc-a11">
         <name>.text:commonTimerPeriodMeasurementWaitEvent2</name>
         <load_address>0xa95a</load_address>
         <run_address>0xa95a</run_address>
         <size>0xa</size>
         <input_file_ref idref="fl-b"/>
      </object_component>
      <object_component id="oc-8d9">
         <name>.text:handlePllUnlockEvent</name>
         <load_address>0xa964</load_address>
         <run_address>0xa964</run_address>
         <size>0xa</size>
         <input_file_ref idref="fl-2"/>
      </object_component>
      <object_component id="oc-9c9">
         <name>.text</name>
         <load_address>0xa96e</load_address>
         <run_address>0xa96e</run_address>
         <size>0xa</size>
         <input_file_ref idref="fl-a8"/>
      </object_component>
      <object_component id="oc-c81">
         <name>.text</name>
         <load_address>0xa978</load_address>
         <run_address>0xa978</run_address>
         <size>0xa</size>
         <input_file_ref idref="fl-ac"/>
      </object_component>
      <object_component id="oc-977">
         <name>.text:USS_ACQDoneCallback</name>
         <load_address>0xa982</load_address>
         <run_address>0xa982</run_address>
         <size>0x8</size>
         <input_file_ref idref="fl-12"/>
      </object_component>
      <object_component id="oc-919">
         <name>.text:abort</name>
         <load_address>0xa98a</load_address>
         <run_address>0xa98a</run_address>
         <size>0x6</size>
         <input_file_ref idref="fl-b7"/>
      </object_component>
      <object_component id="oc-a5c">
         <name>.text:USS_calibrateVolumeFlowRate</name>
         <load_address>0xa990</load_address>
         <run_address>0xa990</run_address>
         <size>0x4</size>
         <input_file_ref idref="fl-14"/>
      </object_component>
      <object_component id="oc-a8c">
         <name>.text:_system_post_cinit</name>
         <load_address>0xa994</load_address>
         <run_address>0xa994</run_address>
         <size>0x2</size>
         <input_file_ref idref="fl-b3"/>
      </object_component>
      <object_component id="oc-a41">
         <name>.text:USS_init</name>
         <load_address>0x10000</load_address>
         <run_address>0x10000</run_address>
         <size>0xa92</size>
         <input_file_ref idref="fl-53"/>
      </object_component>
      <object_component id="oc-ad6">
         <name>.text:commonConfigureMultiTone</name>
         <load_address>0x10a92</load_address>
         <run_address>0x10a92</run_address>
         <size>0xa6c</size>
         <input_file_ref idref="fl-9"/>
      </object_component>
      <object_component id="oc-c5f">
         <name>.text:USS_computeAbsTOF_lobeWide</name>
         <load_address>0x114fe</load_address>
         <run_address>0x114fe</run_address>
         <size>0x856</size>
[...]
      </symbol>
      <symbol id="sm-fa3">
         <name>_IQ18toF</name>
         <value>0x9824</value>
         <object_component_ref idref="oc-bdb"/>
      </symbol>
      <symbol id="sm-fa4">
         <name>_IQ27toF</name>
         <value>0x9908</value>
         <object_component_ref idref="oc-b55"/>
      </symbol>
      <symbol id="sm-fb4">
         <name>_IQ23sin</name>
         <value>0x1303a</value>
         <object_component_ref idref="oc-bdd"/>
      </symbol>
      <symbol id="sm-fb9">
         <name>_IQ31SinLookup</name>
         <value>0xab66</value>
         <object_component_ref idref="oc-c34"/>
      </symbol>
      <symbol id="sm-fba">
         <name>_IQ31CosLookup</name>
         <value>0xaa96</value>
         <object_component_ref idref="oc-c33"/>
      </symbol>
      <symbol id="sm-fbb">
         <name>_IQ6div_lookup</name>
         <value>0xac36</value>
         <object_component_ref idref="oc-a36"/>
      </symbol>
      <symbol id="sm-fbe">
         <name>_Q12rmpy</name>
         <value>0x9eee</value>
         <object_component_ref idref="oc-ca6"/>
      </symbol>
      <symbol id="sm-fc9">
         <name>_Q15div</name>
         <value>0x8592</value>
         <object_component_ref idref="oc-cab"/>
      </symbol>
      <symbol id="sm-fcc">
         <name>_Q16div_coeffs</name>
         <value>0xa996</value>
         <object_component_ref idref="oc-cae"/>
      </symbol>
      <symbol id="sm-fd6">
         <name>__TI_int21</name>
         <value>0xffba</value>
         <object_component_ref idref="oc-97"/>
      </symbol>
      <symbol id="sm-fde">
         <name>__TI_ISR_TRAP</name>
         <value>0x81ec</value>
         <object_component_ref idref="oc-806"/>
      </symbol>
      <symbol id="sm-fe1">
         <name>__TI_int22</name>
         <value>0xffbc</value>
         <object_component_ref idref="oc-98"/>
      </symbol>
      <symbol id="sm-fe4">
         <name>__TI_int23</name>
         <value>0xffbe</value>
         <object_component_ref idref="oc-99"/>
      </symbol>
      <symbol id="sm-fe7">
         <name>__TI_int24</name>
         <value>0xffc0</value>
         <object_component_ref idref="oc-9a"/>
      </symbol>
      <symbol id="sm-fea">
         <name>__TI_int25</name>
         <value>0xffc2</value>
         <object_component_ref idref="oc-9b"/>
      </symbol>
      <symbol id="sm-fed">
         <name>__TI_int26</name>
         <value>0xffc4</value>
         <object_component_ref idref="oc-9c"/>
      </symbol>
      <symbol id="sm-ff0">
         <name>__TI_int27</name>
         <value>0xffc6</value>
         <object_component_ref idref="oc-9d"/>
      </symbol>
      <symbol id="sm-ff3">
         <name>__TI_int28</name>
         <value>0xffc8</value>
         <object_component_ref idref="oc-9e"/>
      </symbol>
      <symbol id="sm-ff6">
         <name>__TI_int29</name>
         <value>0xffca</value>
         <object_component_ref idref="oc-9f"/>
      </symbol>
      <symbol id="sm-ff9">
         <name>__TI_int30</name>
         <value>0xffcc</value>
         <object_component_ref idref="oc-a0"/>
      </symbol>
      <symbol id="sm-ffc">
         <name>__TI_int31</name>
         <value>0xffce</value>
         <object_component_ref idref="oc-a1"/>
      </symbol>
      <symbol id="sm-fff">
         <name>__TI_int32</name>
         <value>0xffd0</value>
         <object_component_ref idref="oc-a2"/>
      </symbol>
      <symbol id="sm-1002">
         <name>__TI_int33</name>
         <value>0xffd2</value>
         <object_component_ref idref="oc-a3"/>
      </symbol>
      <symbol id="sm-1005">
         <name>__TI_int34</name>
         <value>0xffd4</value>
         <object_component_ref idref="oc-a4"/>
      </symbol>
      <symbol id="sm-1008">
         <name>__TI_int35</name>
         <value>0xffd6</value>
         <object_component_ref idref="oc-a5"/>
      </symbol>
      <symbol id="sm-100b">
         <name>__TI_int36</name>
         <value>0xffd8</value>
         <object_component_ref idref="oc-a6"/>
      </symbol>
      <symbol id="sm-100e">
         <name>__TI_int37</name>
         <value>0xffda</value>
         <object_component_ref idref="oc-a7"/>
      </symbol>
      <symbol id="sm-1011">
         <name>__TI_int38</name>
         <value>0xffdc</value>
         <object_component_ref idref="oc-a8"/>
      </symbol>
      <symbol id="sm-1014">
         <name>__TI_int39</name>
         <value>0xffde</value>
         <object_component_ref idref="oc-a9"/>
      </symbol>
      <symbol id="sm-1017">
         <name>__TI_int43</name>
         <value>0xffe6</value>
         <object_component_ref idref="oc-ad"/>
      </symbol>
      <symbol id="sm-101a">
         <name>__TI_int45</name>
         <value>0xffea</value>
         <object_component_ref idref="oc-af"/>
      </symbol>
      <symbol id="sm-101d">
         <name>__TI_int46</name>
         <value>0xffec</value>
         <object_component_ref idref="oc-b0"/>
      </symbol>
      <symbol id="sm-1020">
         <name>__TI_int47</name>
         <value>0xffee</value>
         <object_component_ref idref="oc-b1"/>
      </symbol>
      <symbol id="sm-1023">
         <name>__TI_int48</name>
         <value>0xfff0</value>
         <object_component_ref idref="oc-b2"/>
      </symbol>
      <symbol id="sm-1026">
         <name>__TI_int49</name>
         <value>0xfff2</value>
         <object_component_ref idref="oc-b3"/>
      </symbol>
      <symbol id="sm-1029">
         <name>__TI_int50</name>
         <value>0xfff4</value>
         <object_component_ref idref="oc-b4"/>
      </symbol>
      <symbol id="sm-102c">
         <name>__TI_int51</name>
         <value>0xfff6</value>
         <object_component_ref idref="oc-b5"/>
      </symbol>
      <symbol id="sm-102f">
         <name>__TI_int52</name>
         <value>0xfff8</value>
         <object_component_ref idref="oc-b6"/>
      </symbol>
      <symbol id="sm-1032">
         <name>__TI_int53</name>
         <value>0xfffa</value>
         <object_component_ref idref="oc-b7"/>
      </symbol>
      <symbol id="sm-1035">
         <name>__TI_int54</name>
         <value>0xfffc</value>
         <object_component_ref idref="oc-b8"/>
      </symbol>
      <symbol id="sm-1048">
         <name>__TI_zero_init</name>
         <value>0xa798</value>
         <object_component_ref idref="oc-829"/>
      </symbol>
      <symbol id="sm-1063">
         <name>__mspabi_subf</name>
         <value>0x15e9a</value>
         <object_component_ref idref="oc-9e4"/>
      </symbol>
      <symbol id="sm-1064">
         <name>__mspabi_addf</name>
         <value>0x15ea0</value>
         <object_component_ref idref="oc-9e4"/>
      </symbol>
      <symbol id="sm-1074">
         <name>__mspabi_cmpf</name>
         <value>0xa0b8</value>
         <object_component_ref idref="oc-b1b"/>
      </symbol>
      <symbol id="sm-1086">
         <name>__mspabi_divf</name>
         <value>0x9018</value>
         <object_component_ref idref="oc-9df"/>
      </symbol>
      <symbol id="sm-1093">
         <name>__mspabi_remli</name>
         <value>0xa264</value>
         <object_component_ref idref="oc-bc1"/>
      </symbol>
      <symbol id="sm-1094">
         <name>__mspabi_divli</name>
         <value>0xa264</value>
         <object_component_ref idref="oc-bc1"/>
      </symbol>
      <symbol id="sm-109e">
         <name>__mspabi_remu</name>
         <value>0xa8ae</value>
         <object_component_ref idref="oc-c35"/>
      </symbol>
      <symbol id="sm-109f">
         <name>__mspabi_divu</name>
         <value>0xa8ae</value>
         <object_component_ref idref="oc-c35"/>
      </symbol>
      <symbol id="sm-10ad">
         <name>__mspabi_remul</name>
         <value>0x9cae</value>
         <object_component_ref idref="oc-9d4"/>
      </symbol>
      <symbol id="sm-10ae">
         <name>__mspabi_divul</name>
         <value>0x9cae</value>
         <object_component_ref idref="oc-9d4"/>
      </symbol>
      <symbol id="sm-10c0">
         <name>__mspabi_fixfi</name>
         <value>0x9b2a</value>
         <object_component_ref idref="oc-a48"/>
      </symbol>
      <symbol id="sm-10d3">
         <name>__mspabi_fixfli</name>
         <value>0x9552</value>
         <object_component_ref idref="oc-a2f"/>
      </symbol>
      <symbol id="sm-10e2">
         <name>__mspabi_fixfu</name>
         <value>0xa1dc</value>
         <object_component_ref idref="oc-b4d"/>
      </symbol>
      <symbol id="sm-10f1">
         <name>__mspabi_fixful</name>
         <value>0xa022</value>
         <object_component_ref idref="oc-9e9"/>
      </symbol>
      <symbol id="sm-10fe">
         <name>__mspabi_fltif</name>
         <value>0xa486</value>
         <object_component_ref idref="oc-a43"/>
      </symbol>
      <symbol id="sm-110d">
         <name>__mspabi_fltlif</name>
         <value>0xa102</value>
         <object_component_ref idref="oc-bd6"/>
      </symbol>
      <symbol id="sm-1118">
         <name>__mspabi_fltuf</name>
         <value>0xa7bc</value>
         <object_component_ref idref="oc-9ee"/>
      </symbol>
      <symbol id="sm-1124">
         <name>__mspabi_fltulf</name>
         <value>0xa588</value>
         <object_component_ref idref="oc-9d9"/>
      </symbol>
      <symbol id="sm-113b">
         <name>__mspabi_mpyf</name>
         <value>0x87c4</value>
         <object_component_ref idref="oc-a2a"/>
      </symbol>
      <symbol id="sm-1144">
         <name>__mspabi_mpyi_f5hw</name>
         <value>0xa896</value>
         <object_component_ref idref="oc-baf"/>
      </symbol>
      <symbol id="sm-114d">
         <name>__mspabi_mpyl_f5hw</name>
         <value>0xa7e0</value>
         <object_component_ref idref="oc-9cf"/>
      </symbol>
      <symbol id="sm-1157">
         <name>__mspabi_mpysl_f5hw</name>
         <value>0xa87a</value>
         <object_component_ref idref="oc-c93"/>
      </symbol>
      <symbol id="sm-1164">
         <name>__mspabi_slli</name>
         <value>0xa96e</value>
         <object_component_ref idref="oc-9c9"/>
      </symbol>
      <symbol id="sm-116c">
         <name>__mspabi_slll_9</name>
         <value>0xa338</value>
         <object_component_ref idref="oc-bd1"/>
      </symbol>
      <symbol id="sm-116d">
         <name>__mspabi_slll_8</name>
         <value>0xa33c</value>
         <object_component_ref idref="oc-bd1"/>
      </symbol>
      <symbol id="sm-116e">
         <name>__mspabi_slll_7</name>
         <value>0xa340</value>
         <object_component_ref idref="oc-bd1"/>
      </symbol>
      <symbol id="sm-116f">
         <name>__mspabi_slll_6</name>
         <value>0xa344</value>
         <object_component_ref idref="oc-bd1"/>
      </symbol>
      <symbol id="sm-1170">
         <name>__mspabi_slll_5</name>
         <value>0xa348</value>
         <object_component_ref idref="oc-bd1"/>
      </symbol>
      <symbol id="sm-1171">
         <name>__mspabi_slll_4</name>
         <value>0xa34c</value>
         <object_component_ref idref="oc-bd1"/>
      </symbol>
      <symbol id="sm-1172">
         <name>__mspabi_slll_3</name>
         <value>0xa350</value>
         <object_component_ref idref="oc-bd1"/>
      </symbol>
      <symbol id="sm-1173">
         <name>__mspabi_slll_2</name>
         <value>0xa354</value>
         <object_component_ref idref="oc-bd1"/>
      </symbol>
      <symbol id="sm-1174">
         <name>__mspabi_slll_1</name>
         <value>0xa358</value>
         <object_component_ref idref="oc-bd1"/>
      </symbol>
      <symbol id="sm-1175">
         <name>__mspabi_slll_15</name>
         <value>0xa320</value>
         <object_component_ref idref="oc-bd1"/>
      </symbol>
      <symbol id="sm-1176">
         <name>__mspabi_slll_14</name>
         <value>0xa324</value>
         <object_component_ref idref="oc-bd1"/>
      </symbol>
      <symbol id="sm-1177">
         <name>__mspabi_slll_13</name>
         <value>0xa328</value>
         <object_component_ref idref="oc-bd1"/>
      </symbol>
      <symbol id="sm-1178">
         <name>__mspabi_slll_12</name>
         <value>0xa32c</value>
         <object_component_ref idref="oc-bd1"/>
      </symbol>
      <symbol id="sm-1179">
         <name>__mspabi_slll_11</name>
         <value>0xa330</value>
         <object_component_ref idref="oc-bd1"/>
      </symbol>
      <symbol id="sm-117a">
         <name>__mspabi_slll_10</name>
         <value>0xa334</value>
         <object_component_ref idref="oc-bd1"/>
      </symbol>
      <symbol id="sm-1182">
         <name>__mspabi_sral_15</name>
         <value>0xa2e2</value>
         <object_component_ref idref="oc-a87"/>
      </symbol>
      <symbol id="sm-1183">
         <name>__mspabi_sral_14</name>
         <value>0xa2e6</value>
         <object_component_ref idref="oc-a87"/>
      </symbol>
      <symbol id="sm-1184">
         <name>__mspabi_sral_13</name>
         <value>0xa2ea</value>
         <object_component_ref idref="oc-a87"/>
      </symbol>
      <symbol id="sm-1185">
         <name>__mspabi_sral_12</name>
         <value>0xa2ee</value>
         <object_component_ref idref="oc-a87"/>
      </symbol>
      <symbol id="sm-1186">
         <name>__mspabi_sral_11</name>
         <value>0xa2f2</value>
         <object_component_ref idref="oc-a87"/>
      </symbol>
      <symbol id="sm-1187">
         <name>__mspabi_sral_10</name>
         <value>0xa2f6</value>
         <object_component_ref idref="oc-a87"/>
      </symbol>
      <symbol id="sm-1188">
         <name>__mspabi_sral_8</name>
         <value>0xa2fe</value>
         <object_component_ref idref="oc-a87"/>
      </symbol>
      <symbol id="sm-1189">
         <name>__mspabi_sral_9</name>
         <value>0xa2fa</value>
         <object_component_ref idref="oc-a87"/>
      </symbol>
      <symbol id="sm-118a">
         <name>__mspabi_sral_6</name>
         <value>0xa306</value>
         <object_component_ref idref="oc-a87"/>
      </symbol>
      <symbol id="sm-118b">
         <name>__mspabi_sral_7</name>
         <value>0xa302</value>
         <object_component_ref idref="oc-a87"/>
      </symbol>
      <symbol id="sm-118c">
         <name>__mspabi_sral_4</name>
         <value>0xa30e</value>
         <object_component_ref idref="oc-a87"/>
      </symbol>
      <symbol id="sm-118d">
         <name>__mspabi_sral_5</name>
         <value>0xa30a</value>
         <object_component_ref idref="oc-a87"/>
      </symbol>
      <symbol id="sm-118e">
         <name>__mspabi_sral_2</name>
         <value>0xa316</value>
         <object_component_ref idref="oc-a87"/>
      </symbol>
      <symbol id="sm-118f">
         <name>__mspabi_sral_3</name>
         <value>0xa312</value>
         <object_component_ref idref="oc-a87"/>
      </symbol>
      <symbol id="sm-1190">
         <name>__mspabi_sral_1</name>
         <value>0xa31a</value>
         <object_component_ref idref="oc-a87"/>
      </symbol>
      <symbol id="sm-119a">
         <name>__mspabi_srli</name>
         <value>0xa978</value>
         <object_component_ref idref="oc-c81"/>
      </symbol>
      <symbol id="sm-11a2">
         <name>__mspabi_srll_8</name>
         <value>0xa37a</value>
         <object_component_ref idref="oc-a39"/>
      </symbol>
      <symbol id="sm-11a3">
         <name>__mspabi_srll_9</name>
         <value>0xa376</value>
         <object_component_ref idref="oc-a39"/>
      </symbol>
      <symbol id="sm-11a4">
         <name>__mspabi_srll_6</name>
         <value>0xa382</value>
         <object_component_ref idref="oc-a39"/>
      </symbol>
      <symbol id="sm-11a5">
         <name>__mspabi_srll_7</name>
         <value>0xa37e</value>
         <object_component_ref idref="oc-a39"/>
      </symbol>
      <symbol id="sm-11a6">
         <name>__mspabi_srll_4</name>
         <value>0xa38a</value>
         <object_component_ref idref="oc-a39"/>
      </symbol>
      <symbol id="sm-11a7">
         <name>__mspabi_srll_5</name>
         <value>0xa386</value>
         <object_component_ref idref="oc-a39"/>
      </symbol>
      <symbol id="sm-11a8">
         <name>__mspabi_srll_2</name>
         <value>0xa392</value>
         <object_component_ref idref="oc-a39"/>
      </symbol>
      <symbol id="sm-11a9">
         <name>__mspabi_srll_3</name>
         <value>0xa38e</value>
         <object_component_ref idref="oc-a39"/>
      </symbol>
      <symbol id="sm-11aa">
         <name>__mspabi_srll_1</name>
         <value>0xa396</value>
         <object_component_ref idref="oc-a39"/>
      </symbol>
      <symbol id="sm-11ab">
         <name>__mspabi_srll_15</name>
         <value>0xa35e</value>
         <object_component_ref idref="oc-a39"/>
      </symbol>
      <symbol id="sm-11ac">
         <name>__mspabi_srll_14</name>
         <value>0xa362</value>
         <object_component_ref idref="oc-a39"/>
      </symbol>
      <symbol id="sm-11ad">
         <name>__mspabi_srll_13</name>
         <value>0xa366</value>
         <object_component_ref idref="oc-a39"/>
      </symbol>
      <symbol id="sm-11ae">
         <name>__mspabi_srll_12</name>
         <value>0xa36a</value>
         <object_component_ref idref="oc-a39"/>
      </symbol>
      <symbol id="sm-11af">
         <name>__mspabi_srll_11</name>
         <value>0xa36e</value>
         <object_component_ref idref="oc-a39"/>
      </symbol>
      <symbol id="sm-11b0">
         <name>__mspabi_srll_10</name>
         <value>0xa372</value>
         <object_component_ref idref="oc-a39"/>
      </symbol>
      <symbol id="sm-11bd">
         <name>__mspabi_srlll</name>
         <value>0xa414</value>
         <object_component_ref idref="oc-a1d"/>
      </symbol>
      <symbol id="sm-11cd">
         <name>_c_int00_noargs_mpu</name>
         <value>0x81c2</value>
         <object_component_ref idref="oc-84d"/>
      </symbol>
      <symbol id="sm-11ce">
         <name>_stack</name>
         <value>0x2a0c</value>
         <object_component_ref idref="oc-7cb"/>
      </symbol>
      <symbol id="sm-11cf">
         <name>_reset_vector</name>
         <value>0xfffe</value>
         <object_component_ref idref="oc-7ce"/>
      </symbol>
      <symbol id="sm-11d8">
         <name>__mpu_init</name>
         <value>0xa6a4</value>
         <object_component_ref idref="oc-8a9"/>
      </symbol>
      <symbol id="sm-11fb">
         <name>__TI_auto_init_nobinit_nopinit_hold_wdt</name>
         <value>0x96c6</value>
         <object_component_ref idref="oc-93d"/>
      </symbol>
      <symbol id="sm-1204">
         <name>_system_post_cinit</name>
         <value>0xa994</value>
         <object_component_ref idref="oc-a8c"/>
      </symbol>
      <symbol id="sm-120e">
         <name>abs</name>
         <value>0xa946</value>
         <object_component_ref idref="oc-c8b"/>
      </symbol>
      <symbol id="sm-122f">
         <name>commonGetPLLFreqInHz</name>
         <value>0x84c8</value>
         <object_component_ref idref="oc-9ce"/>
      </symbol>
      <symbol id="sm-1230">
         <name>lib_version</name>
         <value>0x15ff0</value>
         <object_component_ref idref="oc-7cf"/>
      </symbol>
      <symbol id="sm-1231">
         <name>commonValidateMeterConstantConfiguration</name>
         <value>0x9ac2</value>
         <object_component_ref idref="oc-b4a"/>
      </symbol>
      <symbol id="sm-1232">
         <name>commonValidateAlgorithmsConfiguration</name>
         <value>0x9b92</value>
         <object_component_ref idref="oc-a37"/>
      </symbol>
      <symbol id="sm-123d">
         <name>C$$EXIT</name>
         <value>0xa98a</value>
         <object_component_ref idref="oc-919"/>
      </symbol>
      <symbol id="sm-123e">
         <name>abort</name>
         <value>0xa98a</value>
         <object_component_ref idref="oc-919"/>
      </symbol>
      <symbol id="sm-124a">
         <name>labs</name>
         <value>0xa916</value>
         <object_component_ref idref="oc-b44"/>
      </symbol>
   </symbol_table>
   <title>Link successful</title>
</link_info>
