******************************************************************************
                  MSP430 Linker PC v21.6.1                     
******************************************************************************
>> Linked Fri Apr 17 12:34:51 2026

OUTPUT FILE NAME:   <FR6043_USSSWLib_template_example.out>
ENTRY POINT SYMBOL: "_c_int00_noargs_mpu"  address: 000081c2


MEMORY CONFIGURATION

         name            origin    length      used     unused   attr    fill
----------------------  --------  ---------  --------  --------  ----  --------
  TINYRAM               0000000a   00000016  00000000  00000016  RWIX
  BSL                   00001000   00000800  00000000  00000800  RWIX
  CAL_CONF              00001900   00000100  00000000  00000100  RWIX
  TLVMEM                00001a00   00000100  00000000  00000100  RWIX
  BOOTROM               00001b00   00000100  00000000  00000100  RWIX
  RAM                   00001c00   00001000  000008b6  0000074a  RWIX
  LEARAM                00004000   00001ec8  00000fa0  00000f28  RWIX
  LEASTACK              00005ec8   00000138  00000000  00000138  RWIX
  FRAM                  00006000   00009f80  00004ca5  000052db  RWIX
  JTAGSIGNATURE         0000ff80   00000004  00000004  00000000  RWIX  ffff 
  BSLSIGNATURE          0000ff84   00000004  00000004  00000000  RWIX  ffff 
  IPESIGNATURE          0000ff88   00000008  00000008  00000000  RWIX  ffff 
  INT00                 0000ff90   00000002  00000000  00000002  RWIX
  INT01                 0000ff92   00000002  00000000  00000002  RWIX
  INT02                 0000ff94   00000002  00000000  00000002  RWIX
  INT03                 0000ff96   00000002  00000000  00000002  RWIX
  INT04                 0000ff98   00000002  00000000  00000002  RWIX
  INT05                 0000ff9a   00000002  00000000  00000002  RWIX
  INT06                 0000ff9c   00000002  00000000  00000002  RWIX
  INT07                 0000ff9e   00000002  00000000  00000002  RWIX
  INT08                 0000ffa0   00000002  00000000  00000002  RWIX
  INT09                 0000ffa2   00000002  00000000  00000002  RWIX
  INT10                 0000ffa4   00000002  00000000  00000002  RWIX
  INT11                 0000ffa6   00000002  00000000  00000002  RWIX
  INT12                 0000ffa8   00000002  00000000  00000002  RWIX
  INT13                 0000ffaa   00000002  00000000  00000002  RWIX
  INT14                 0000ffac   00000002  00000000  00000002  RWIX
  INT15                 0000ffae   00000002  00000000  00000002  RWIX
  INT16                 0000ffb0   00000002  00000002  00000000  RWIX
  INT17                 0000ffb2   00000002  00000002  00000000  RWIX
  INT18                 0000ffb4   00000002  00000002  00000000  RWIX
  INT19                 0000ffb6   00000002  00000002  00000000  RWIX
  INT20                 0000ffb8   00000002  00000002  00000000  RWIX
  INT21                 0000ffba   00000002  00000002  00000000  RWIX
  INT22                 0000ffbc   00000002  00000002  00000000  RWIX
  INT23                 0000ffbe   00000002  00000002  00000000  RWIX
  INT24                 0000ffc0   00000002  00000002  00000000  RWIX
  INT25                 0000ffc2   00000002  00000002  00000000  RWIX
  INT26                 0000ffc4   00000002  00000002  00000000  RWIX
  INT27                 0000ffc6   00000002  00000002  00000000  RWIX
  INT28                 0000ffc8   00000002  00000002  00000000  RWIX
  INT29                 0000ffca   00000002  00000002  00000000  RWIX
  INT30                 0000ffcc   00000002  00000002  00000000  RWIX
  INT31                 0000ffce   00000002  00000002  00000000  RWIX
  INT32                 0000ffd0   00000002  00000002  00000000  RWIX
  INT33                 0000ffd2   00000002  00000002  00000000  RWIX
  INT34                 0000ffd4   00000002  00000002  00000000  RWIX
  INT35                 0000ffd6   00000002  00000002  00000000  RWIX
  INT36                 0000ffd8   00000002  00000002  00000000  RWIX
  INT37                 0000ffda   00000002  00000002  00000000  RWIX
  INT38                 0000ffdc   00000002  00000002  00000000  RWIX
  INT39                 0000ffde   00000002  00000002  00000000  RWIX
  INT40                 0000ffe0   00000002  00000002  00000000  RWIX
  INT41                 0000ffe2   00000002  00000002  00000000  RWIX
  INT42                 0000ffe4   00000002  00000002  00000000  RWIX
  INT43                 0000ffe6   00000002  00000002  00000000  RWIX
  INT44                 0000ffe8   00000002  00000002  00000000  RWIX
  INT45                 0000ffea   00000002  00000002  00000000  RWIX
  INT46                 0000ffec   00000002  00000002  00000000  RWIX
  INT47                 0000ffee   00000002  00000002  00000000  RWIX
  INT48                 0000fff0   00000002  00000002  00000000  RWIX
  INT49                 0000fff2   00000002  00000002  00000000  RWIX
  INT50                 0000fff4   00000002  00000002  00000000  RWIX
  INT51                 0000fff6   00000002  00000002  00000000  RWIX
  INT52                 0000fff8   00000002  00000002  00000000  RWIX
  INT53                 0000fffa   00000002  00000002  00000000  RWIX
  INT54                 0000fffc   00000002  00000002  00000000  RWIX
  RESET                 0000fffe   00000002  00000002  00000000  RWIX
  FRAM2                 00010000   00005ff0  00005ff0  00000000  RWIX
  LIB_VERSION           00015ff0   00000008  00000008  00000000  RWIX
  APP_VERSION           00015ff8   00000008  00000000  00000008  RWIX


SECTION ALLOCATION MAP

 output                                  attributes/
section   page    origin      length       input sections
--------  ----  ----------  ----------   ----------------
.TI.persistent 
*          0    00006000    00001262     
                  00006000    00000fa0     USS_userConfig.obj (.TI.persistent:gNVMemBlock)
                  00006fa0    0000008a     USS_userConfig.obj (.TI.persistent:ussAlgConfig)
                  0000702a    00000038     USS_Lib_HAL.obj (.TI.persistent)
                  00007062    00000030     USS_userConfig.obj (.TI.persistent:gUSSHilbertCoeffs)
                  00007092    00000028     USS_userConfig.obj (.TI.persistent:epulse)
                  000070ba    00000028     USS_userConfig.obj (.TI.persistent:hper)
                  000070e2    00000028     USS_userConfig.obj (.TI.persistent:lper)
                  0000710a    00000028     USS_userConfig.obj (.TI.persistent:multiToneConfig)
                  00007132    00000028     USS_userConfig.obj (.TI.persistent:xhper)
                  0000715a    00000028     USS_userConfig.obj (.TI.persistent:xlper)
                  00007182    00000028     USS_userConfig.obj (.TI.persistent:xpulse)
                  000071aa    00000022     USS_userConfig.obj (.TI.persistent:gUssSWConfig)
                  000071cc    00000022     USS_userConfig.obj (.TI.persistent:ussMeasurementConfig)
                  000071ee    0000001a     USS_userConfig.obj (.TI.persistent:ussCaptureConfig)
                  00007208    0000001a     USS_userConfig.obj (.TI.persistent:ussEndOfSeq)
                  00007222    00000014     USS_userConfig.obj (.TI.persistent:ussPulseConfig)
                  00007236    00000010     USS_userConfig.obj (.TI.persistent:ussMeterConfig)
                  00007246    0000000c     USS_userConfig.obj (.TI.persistent:ussPLLConfig)
                  00007252    0000000c     USS_userConfig.obj (.TI.persistent:ussSystemConfig)
                  0000725e    00000002     USS_userConfig.obj (.TI.persistent:ussInterruptConfig)
                  00007260    00000002     USS_userConfig.obj (.TI.persistent:ussTriggerConfig)

.binit     0    00006000    00000000     

.cio       0    00007262    00000000     UNINITIALIZED

.sysmem    0    00007262    00000000     UNINITIALIZED

.ipestruct 
*          0    00007400    00000000     UNINITIALIZED

.ipe       0    00007400    00000000     UNINITIALIZED

.ipe_const 
*          0    00007400    00000000     UNINITIALIZED

.ipe:_isr 
*          0    00007400    00000000     UNINITIALIZED

.USS_ramfunc 
*          0    00007400    00000b90     
                  00007400    00000296     USS_SW_CCS_large_code_large_data.lib : USS_computeAbsTOF_hilbert.obj (.USS_ramfunc:USS_computeAbsTOF_hilbert)
                  00007696    000001d6                                          : USS_math.obj (.USS_ramfunc:USS_iq30Atan2)
                  0000786c    00000178                                          : USS_computeAbsTOF_lobe.obj (.USS_ramfunc:USS_computeAbsTOF_lobe_track)
                  000079e4    00000152                                          : USS_support_lea.obj (.USS_ramfunc:USS_corr3)
                  00007b36    000000fc                                          : USS_math.obj (.USS_ramfunc:USS_iq31Div)
                  00007c32    000000d6                                          : USS_cosInterpolation.obj (.USS_ramfunc:USS_cosInterpolation)
                  00007d08    000000b4                                          : USS_math.obj (.USS_ramfunc:USS_iq31toiq29Asin)
                  00007dbc    00000092                                          : USS_math.obj (.USS_ramfunc:USS_iq31Cos)
                  00007e4e    0000008a                                          : USS_support_lea.obj (.USS_ramfunc:USS_runWindow)
                  00007ed8    00000058                                          : USS_computeAbsTOF_lobe.obj (.USS_ramfunc:USS_computeAbsTOF_lobe)
                  00007f30    00000042                                          : USS_support_lea.obj (.USS_ramfunc:USS_runParabolicInterpolation32)
                  00007f72    0000001e                                          : USS_support_lea.obj (.USS_ramfunc:USS_runParabolicInterpolation)

.libVersion 
*          0    00015ff0    00000008     
                  00015ff0    00000008     USS_SW_CCS_large_code_large_data.lib : ussSwLibCommonAlgorithms.obj (.libVersion:retain)

.cinit     0    0000ac78    0000002e     
                  0000ac78    00000006     (.cinit..bss.load) [load image, compression = zero_init]
                  0000ac7e    00000006     (.cinit..leaRAM.load) [load image, compression = zero_init]
                  0000ac84    00000006     (.cinit..ram_thrill.load) [load image, compression = zero_init]
                  0000ac8a    00000004     (__TI_handler_table)
                  0000ac8e    00000018     (__TI_cinit_table)

.init_array 
*          0    00006000    00000000     UNINITIALIZED

.text:_isr 
*          0    00007f90    00000264     
                  00007f90    0000009e     USS_Lib_HAL.obj (.text:_isr:ISR_SDHS)
                  0000802e    0000006a     USS_Lib_HAL.obj (.text:_isr:ISR_SAPH)
                  00008098    00000052     USS_Lib_HAL.obj (.text:_isr:ISR_UUPS)
                  000080ea    00000048     USS_Lib_HAL.obj (.text:_isr:USSLIB_HAL_TIMER_RXEN_INT)
                  00008132    0000002a     USS_Lib_HAL.obj (.text:_isr:USSLIB_HAL_TIMER_INT_CCRn)
                  0000815c    00000024     USS_Lib_HAL.obj (.text:_isr:ISR_HSPLL)
                  00008180    00000022     USS_Lib_HAL.obj (.text:_isr:USSLIB_HAL_TIMER_INT)
                  000081a2    00000020     USS_Lib_HAL.obj (.text:_isr:USS_LEA_ISR)
                  000081c2    00000020     rts430x_lc_ld_eabi.lib : boot.c.obj (.text:_isr:_c_int00_noargs_mpu)
                  000081e2    0000000a     USS_Lib_HAL.obj (.text:_isr:DMA_HSPLL)
                  000081ec    00000008     rts430x_lc_ld_eabi.lib : isr_trap.asm.obj (.text:_isr:__TI_ISR_TRAP)

.bss       0    00001c00    00000122     UNINITIALIZED
                  00001c00    00000116     (.common:gUSSAlgObject)
                  00001d16    00000004     (.common:USSSWLIB_USS_interrupt_status)
                  00001d1a    00000002     USS_SW_CCS_large_code_large_data.lib : ussSwLibAlgorithms.obj (.bss)
                  00001d1c    00000002     (.common:USSSWLIB_USS_measurementPeriod)
                  00001d1e    00000002     (.common:USS_LEA_IFG)
                  00001d20    00000002     (.common:state)

.ram_thrill 
*          0    00001d22    000005a0     UNINITIALIZED
                  00001d22    000005a0     USS_userConfig.obj (.ram_thrill)

.stack     0    00002a0c    000001f4     UNINITIALIZED
                  00002a0c    00000004     rts430x_lc_ld_eabi.lib : boot.c.obj (.stack)
                  00002a10    000001f0     --HOLE--

.leaRAM    0    00004000    00000fa0     UNINITIALIZED
                  00004000    00000f40     USS_userConfig.obj (.leaRAM)
                  00004f40    00000040     USS_SW_CCS_large_code_large_data.lib : ussSwLibAlgorithms.obj (.leaRAM)
                  00004f80    00000018                                          : USS_lea.obj (.leaRAM)
                  00004f98    00000008                                          : USS_math.obj (.leaRAM)

.text.1    0    000081f4    000027a2     
                  000081f4    00000114     ussSwLibConfiguration.obj (.text:USS_updateHSPLLConfiguration)
                  00008308    000000f6     ussSwLibCommonSAPH.obj (.text:privatePadPulses)
                  000083fe    000000ca     ussSwLibCommonHSPLL.obj (.text:commonGetHSPLLFreqInHz)
                  000084c8    000000ca     USS_SW_CCS_large_code_large_data.lib : ussSwLibCommonAlgorithms.obj (.text:commonGetPLLFreqInHz)
                  00008592    000000be     QmathLib_CCS_MPY32_5xx_6xx_CPUX_large_code_large_data.lib : _QNdiv.o (.text:_Q15div)
                  00008650    000000ba     USS_SW_CCS_large_code_large_data.lib : ussSwLibAlgorithms.obj (.text:USS_getResultsInFloat)
                  0000870a    000000ba     ussSwLibCommonUSS.obj (.text:commonIsconversionSuccessfull)
                  000087c4    000000b8     rts430x_lc_ld_eabi.lib : fs_mpy.asm.obj (.text)
                  0000887c    000000b6     USS_SW_CCS_large_code_large_data.lib : ussSwLibAlgorithms.obj (.text:privatePadCaptures)
                  00008932    000000b2                                          : ussSwLibAlgorithms.obj (.text:privateGeneratePattern)
                  000089e4    000000ae                                          : USS_filter.obj (.text:USS_filter)
                  00008a92    000000a6                                          : USS_support_lea.obj (.text:USS_addOffset)
                  00008b38    000000a6                                          : USS_support_lea.obj (.text:USS_scaleSamples)
                  00008bde    000000a2                                          : USS_support_lea.obj (.text:USS_copyArrayRight)
                  00008c80    0000009e                                          : USS_support_lea.obj (.text:USS_addSamples)
                  00008d1e    0000009c                                          : USS_support_lea.obj (.text:USS_corr)
                  00008dba    0000009c                                          : USS_support_lea.obj (.text:USS_fir)
                  00008e56    00000098                                          : USS_support_lea.obj (.text:USS_copyArrayLeft)
                  00008eee    00000096     ussSwLibCommonUSS.obj (.text:commonUpdateUSSULPbiasDelay)
                  00008f84    00000094     USS_SW_CCS_large_code_large_data.lib : USS_support_lea.obj (.text:USS_copy)
                  00009018    00000090     rts430x_lc_ld_eabi.lib : fs_div.asm.obj (.text)
                  000090a8    0000008c     system_pre_init.obj (.text:_system_pre_init)
                  00009134    0000008a     USS_SW_CCS_large_code_large_data.lib : USS_computeVolumeFlowRate_gas.obj (.text:USS_computeVolumeFlowRate_gas)
                  000091be    0000008a                                          : USS_computeVolumeFlowRate_water.obj (.text:USS_computeVolumeFlowRate_water)
                  00009248    00000088                                          : USS_support_lea.obj (.text:USS_zeroInit)
                  000092d0    00000082                                          : USS_cosInterpolation.obj (.text:USS_generateOmega)
                  00009352    00000082     ussSwLibConfiguration.obj (.text:USS_updateSDHSConfiguration)
                  000093d4    00000080     IQmathLib_CCS_MPY32_5xx_6xx_CPUX_large_code_large_data.lib : __IQNrsmpy.o (.text:_IQ15rsmpy)
                  00009454    00000080     ussSwLibCommonTimer.obj (.text:commonTimerGenerateLowPowerDelay)
                  000094d4    0000007e     IQmathLib_CCS_MPY32_5xx_6xx_CPUX_large_code_large_data.lib : __IQNrsmpy.o (.text:_IQ19rsmpy)
                  00009552    0000007e     rts430x_lc_ld_eabi.lib : fs_tol.asm.obj (.text)
                  000095d0    0000007c     IQmathLib_CCS_MPY32_5xx_6xx_CPUX_large_code_large_data.lib : __IQNrsmpy.o (.text:_IQ30rsmpy)
                  0000964c    0000007a     ussSwLibCommonSDHS.obj (.text:commonValidateSDHSconfigruation)
                  000096c6    00000078     rts430x_lc_ld_eabi.lib : autoinit.c.obj (.text:__TI_auto_init_nobinit_nopinit_hold_wdt:__TI_auto_init_nobinit_nopinit_hold_wdt)
                  0000973e    00000074     USS_SW_CCS_large_code_large_data.lib : ussSwLibAlgorithms.obj (.text:USS_runAlgorithmsFixedPoint)
                  000097b2    00000072     IQmathLib_CCS_MPY32_5xx_6xx_CPUX_large_code_large_data.lib : _IQNtoF.o (.text:_IQ16toF)
                  00009824    00000072                                                                : _IQNtoF.o (.text:_IQ18toF)
                  00009896    00000072                                                                : _IQNtoF.o (.text:_IQ21toF)
                  00009908    00000072                                                                : _IQNtoF.o (.text:_IQ27toF)
                  0000997a    00000072                                                                : _IQNtoF.o (.text:_IQ30toF)
                  000099ec    0000006c     ussSwLibMeasurement.obj (.text:USS_startLowPowerUltrasonicCapture)
                  00009a58    0000006a     ussSwLibMeasurement.obj (.text:USS_configureUltrasonicMeasurement)
                  00009ac2    00000068     USS_SW_CCS_large_code_large_data.lib : ussSwLibCommonAlgorithms.obj (.text:commonValidateMeterConstantConfiguration)
                  00009b2a    00000068     rts430x_lc_ld_eabi.lib : fs_toi.asm.obj (.text)
                  00009b92    00000066     USS_SW_CCS_large_code_large_data.lib : ussSwLibCommonAlgorithms.obj (.text:commonValidateAlgorithmsConfiguration)
                  00009bf8    0000005c     IQmathLib_CCS_MPY32_5xx_6xx_CPUX_large_code_large_data.lib : __IQNmpy.o (.text:_IQ21mpy)
                  00009c54    0000005a     ussSwLibCommonUSS.obj (.text:commonWaitForconversion)
                  00009cae    00000058     rts430x_lc_ld_eabi.lib : div32u.asm.obj (.text)
                  00009d06    00000056     IQmathLib_CCS_MPY32_5xx_6xx_CPUX_large_code_large_data.lib : __IQNrmpy.o (.text:_IQ12rmpy)
                  00009d5c    00000054                                                                : __IQNmpy.o (.text:_IQ20mpy)
                  00009db0    00000052     main.obj (.text:uartTxHexByte)
                  00009e02    00000050     main.obj (.text:uartTxUSSResult)
                  00009e52    0000004e     USS_SW_CCS_large_code_large_data.lib : USS_lea.obj (.text:USS_lea_init)
                  00009ea0    0000004e     IQmathLib_CCS_MPY32_5xx_6xx_CPUX_large_code_large_data.lib : __IQNmpy.o (.text:_IQ19mpy)
                  00009eee    0000004e     QmathLib_CCS_MPY32_5xx_6xx_CPUX_large_code_large_data.lib : __QNrmpy.o (.text:_Q12rmpy)
                  00009f3c    0000004e     ussSwLibCommonTimer.obj (.text:commonTimerConfigureTimer)
                  00009f8a    0000004c     ussSwLibConfiguration.obj (.text:USS_updateUSSInterruptsConfiguration)
                  00009fd6    0000004c     ussSwLibCommonTimer.obj (.text:commonTimerConfigurePeriodMeasurement)
                  0000a022    0000004c     rts430x_lc_ld_eabi.lib : fs_toul.asm.obj (.text)
                  0000a06e    0000004a     IQmathLib_CCS_MPY32_5xx_6xx_CPUX_large_code_large_data.lib : __IQNmpy.o (.text:_IQ24mpy)
                  0000a0b8    0000004a     rts430x_lc_ld_eabi.lib : fs_cmp.asm.obj (.text)
                  0000a102    0000004a                            : fs_ltof.asm.obj (.text)
                  0000a14c    00000048     IQmathLib_CCS_MPY32_5xx_6xx_CPUX_large_code_large_data.lib : __IQNmpy.o (.text:_IQ30mpy)
                  0000a194    00000048     ussSwLibCommonTimer.obj (.text:commonTimerWaitEvent)
                  0000a1dc    00000046     rts430x_lc_ld_eabi.lib : fs_tou.asm.obj (.text)
                  0000a222    00000042     IQmathLib_CCS_MPY32_5xx_6xx_CPUX_large_code_large_data.lib : __IQNmpy.o (.text:_IQ17mpy)
                  0000a264    00000040     rts430x_lc_ld_eabi.lib : div32s.asm.obj (.text)
                  0000a2a4    0000003e     ussSwLibCommonSDHS.obj (.text:commonSDHSConfigModOpt)
                  0000a2e2    0000003e     rts430x_lc_ld_eabi.lib : asr32.asm.obj (.text:l_asr_const)
                  0000a320    0000003e                            : lsl32.asm.obj (.text:l_lsl_const)
                  0000a35e    0000003e                            : lsr32.asm.obj (.text:l_lsr_const)
                  0000a39c    0000003c     ussSwLibConfiguration.obj (.text:USS_resetUSSModule)
                  0000a3d8    0000003c     ussSwLibCommonSDHS.obj (.text:commonSDHSRestoreSDHSDTCA)
                  0000a414    0000003a     rts430x_lc_ld_eabi.lib : lsr64.c.obj (.text:__mspabi_srlll)
                  0000a44e    00000038     ussSwLibCommonTimer.obj (.text:commonTimerConfigureTick)
                  0000a486    00000036     rts430x_lc_ld_eabi.lib : fs_itof.asm.obj (.text)
                  0000a4bc    00000034     ussSwLibCommonUSS.obj (.text:commonDetermineVariant)
                  0000a4f0    00000034     ussSwLibCommonTimer.obj (.text:commonTimerPeriodMeasurementClear)
                  0000a524    00000032     ussSwLibCommonInterrupts.obj (.text:commonDisableCaptureInterrupts)
                  0000a556    00000032     ussSwLibCommonUSS.obj (.text:commonPrepareForUSSPowerUp)
                  0000a588    00000032     rts430x_lc_ld_eabi.lib : fs_ultof.asm.obj (.text)
                  0000a5ba    00000030     USS_SW_CCS_large_code_large_data.lib : ussSwLibAlgorithms.obj (.text:USS_getDNSPtr)
                  0000a5ea    00000030                                          : ussSwLibAlgorithms.obj (.text:USS_getUPSPtr)
                  0000a61a    00000030     ussSwLibCommonTimer.obj (.text:commonTimerConfigureDelay)
                  0000a64a    0000002e     ussSwLibCommonHSPLL.obj (.text:commonValidateHSPLLconfiguration)
                  0000a678    0000002c     ussSwLibAlgorithm.obj (.text:USS_runAlgorithms)
                  0000a6a4    0000002c     MSPMPU_INIT_LIB_CCS_msp430_large_code_large_data.lib : mpu_init.o (.text:__mpu_init)
                  0000a6d0    0000002a     USS_Lib_HAL.obj (.text:USSLIB_HAL_initGPIO)
                  0000a6fa    00000028     ussSwLibISR.obj (.text:USS_registerSAPHInterruptCallback)
                  0000a722    00000028     ussSwLibCommonInterrupts.obj (.text:commonEnableCommonCaptureInterrupts)
                  0000a74a    00000028     ussSwLibCommonTimer.obj (.text:commonTimerPeriodMeasurementStart)
                  0000a772    00000026     ussSwLibCommonTimer.obj (.text:commonTimerWaitTickEvent)
                  0000a798    00000024     rts430x_lc_ld_eabi.lib : copy_zero_init.c.obj (.text:decompress:ZI:__TI_zero_init)
                  0000a7bc    00000024                            : fs_utof.asm.obj (.text)
                  0000a7e0    00000024                            : mult32_f5hw.asm.obj (.text)
                  0000a804    0000001e     ussSwLibConfiguration.obj (.text:USS_updateUUPSConfiguration)
                  0000a822    0000001e     ussSwLibCommonUSS.obj (.text:commonDetermineSiliconVersion)
                  0000a840    0000001e     ussSwLibCommonUSS.obj (.text:commonPowerUpUSS)
                  0000a85e    0000001c     USS_Lib_HAL.obj (.text:USSLIB_HAL_configGPIOForCapture)
                  0000a87a    0000001c     rts430x_lc_ld_eabi.lib : mult1632_f5hw.asm.obj (.text:__mpysl)
                  0000a896    00000018                            : mult16_f5hw.asm.obj (.text)
                  0000a8ae    00000016                            : div16u.asm.obj (.text)
                  0000a8c4    00000012     USS_Lib_HAL.obj (.text:USSLIB_HAL_startRxEnTimer)
                  0000a8d6    00000012     ussSwLibMeasurement.obj (.text:USS_waitForAppTimerElapse)
                  0000a8e8    00000010     USS_Lib_HAL.obj (.text:USSLIB_HAL_configureRxEnTimer)
                  0000a8f8    00000010     ussSwLibCommonHSPLL.obj (.text:commonStabilizeOscillator)
                  0000a908    0000000e     ussSwLibMeasurement.obj (.text:USS_configAppTimerPeriod)
                  0000a916    0000000e     rts430x_lc_ld_eabi.lib : labs.c.obj (.text:labs)
                  0000a924    0000000c     USS_Lib_HAL.obj (.text:USSLIB_HAL_configGPIOAfterCapture)
                  0000a930    0000000c     ussSwLibCommonInterrupts.obj (.text:commonEnableCaptureInterrupts)
                  0000a93c    0000000a     ussSwLibISR.obj (.text:USS_registerHSPLLInterruptCallback)
                  0000a946    0000000a     rts430x_lc_ld_eabi.lib : abs.c.obj (.text:abs)
                  0000a950    0000000a     ussSwLibCommonTimer.obj (.text:commonTimerPeriodMeasurementWaitEvent1)
                  0000a95a    0000000a     ussSwLibCommonTimer.obj (.text:commonTimerPeriodMeasurementWaitEvent2)
                  0000a964    0000000a     main.obj (.text:handlePllUnlockEvent)
                  0000a96e    0000000a     rts430x_lc_ld_eabi.lib : lsl16.asm.obj (.text)
                  0000a978    0000000a                            : lsr16.asm.obj (.text)
                  0000a982    00000008     ussSwLibMeasurement.obj (.text:USS_ACQDoneCallback)
                  0000a98a    00000006     rts430x_lc_ld_eabi.lib : exit.c.obj (.text:abort)
                  0000a990    00000004     ussSwLibVFRCalib.obj (.text:USS_calibrateVolumeFlowRate)
                  0000a994    00000002     rts430x_lc_ld_eabi.lib : startup.c.obj (.text:_system_post_cinit)

$fill000   0    0000ff80    00000004     
                  0000ff80    00000004     --HOLE-- [fill = ffff]

$fill001   0    0000ff84    00000004     
                  0000ff84    00000004     --HOLE-- [fill = ffff]

$fill002   0    0000ff88    00000008     
                  0000ff88    00000008     --HOLE-- [fill = ffff]

SDHS       0    0000ffb0    00000002     
                  0000ffb0    00000002     USS_Lib_HAL.obj (.int16)

SAPH_A     0    0000ffb2    00000002     
                  0000ffb2    00000002     USS_Lib_HAL.obj (.int17)

HSPLL      0    0000ffb4    00000002     
                  0000ffb4    00000002     USS_Lib_HAL.obj (.int18)

UUPS       0    0000ffb6    00000002     
                  0000ffb6    00000002     USS_Lib_HAL.obj (.int19)

LEA        0    0000ffb8    00000002     
                  0000ffb8    00000002     USS_Lib_HAL.obj (.int20)

PORT7      0    0000ffba    00000002     
                  0000ffba    00000002     rts430x_lc_ld_eabi.lib : int21.asm.obj (.int21)

EUSCI_B1   0    0000ffbc    00000002     
                  0000ffbc    00000002     rts430x_lc_ld_eabi.lib : int22.asm.obj (.int22)

EUSCI_A3   0    0000ffbe    00000002     
                  0000ffbe    00000002     rts430x_lc_ld_eabi.lib : int23.asm.obj (.int23)

EUSCI_A2   0    0000ffc0    00000002     
                  0000ffc0    00000002     rts430x_lc_ld_eabi.lib : int24.asm.obj (.int24)

PORT6      0    0000ffc2    00000002     
                  0000ffc2    00000002     rts430x_lc_ld_eabi.lib : int25.asm.obj (.int25)

PORT5      0    0000ffc4    00000002     
                  0000ffc4    00000002     rts430x_lc_ld_eabi.lib : int26.asm.obj (.int26)

TIMER4_A1 
*          0    0000ffc6    00000002     
                  0000ffc6    00000002     rts430x_lc_ld_eabi.lib : int27.asm.obj (.int27)

TIMER4_A0 
*          0    0000ffc8    00000002     
                  0000ffc8    00000002     rts430x_lc_ld_eabi.lib : int28.asm.obj (.int28)

AES256     0    0000ffca    00000002     
                  0000ffca    00000002     rts430x_lc_ld_eabi.lib : int29.asm.obj (.int29)

RTC_C      0    0000ffcc    00000002     
                  0000ffcc    00000002     rts430x_lc_ld_eabi.lib : int30.asm.obj (.int30)

LCD_C      0    0000ffce    00000002     
                  0000ffce    00000002     rts430x_lc_ld_eabi.lib : int31.asm.obj (.int31)

PORT4      0    0000ffd0    00000002     
                  0000ffd0    00000002     rts430x_lc_ld_eabi.lib : int32.asm.obj (.int32)

PORT3      0    0000ffd2    00000002     
                  0000ffd2    00000002     rts430x_lc_ld_eabi.lib : int33.asm.obj (.int33)

TIMER3_A1 
*          0    0000ffd4    00000002     
                  0000ffd4    00000002     rts430x_lc_ld_eabi.lib : int34.asm.obj (.int34)

TIMER3_A0 
*          0    0000ffd6    00000002     
                  0000ffd6    00000002     rts430x_lc_ld_eabi.lib : int35.asm.obj (.int35)

PORT2      0    0000ffd8    00000002     
                  0000ffd8    00000002     rts430x_lc_ld_eabi.lib : int36.asm.obj (.int36)

TIMER2_A1 
*          0    0000ffda    00000002     
                  0000ffda    00000002     rts430x_lc_ld_eabi.lib : int37.asm.obj (.int37)

TIMER2_A0 
*          0    0000ffdc    00000002     
                  0000ffdc    00000002     rts430x_lc_ld_eabi.lib : int38.asm.obj (.int38)

PORT1      0    0000ffde    00000002     
                  0000ffde    00000002     rts430x_lc_ld_eabi.lib : int39.asm.obj (.int39)

TIMER1_A1 
*          0    0000ffe0    00000002     
                  0000ffe0    00000002     USS_Lib_HAL.obj (.int40)

TIMER1_A0 
*          0    0000ffe2    00000002     
                  0000ffe2    00000002     USS_Lib_HAL.obj (.int41)

DMA        0    0000ffe4    00000002     
                  0000ffe4    00000002     USS_Lib_HAL.obj (.int42)

EUSCI_A1   0    0000ffe6    00000002     
                  0000ffe6    00000002     rts430x_lc_ld_eabi.lib : int43.asm.obj (.int43)

TIMER0_A1 
*          0    0000ffe8    00000002     
                  0000ffe8    00000002     USS_Lib_HAL.obj (.int44)

TIMER0_A0 
*          0    0000ffea    00000002     
                  0000ffea    00000002     rts430x_lc_ld_eabi.lib : int45.asm.obj (.int45)

ADC12_B    0    0000ffec    00000002     
                  0000ffec    00000002     rts430x_lc_ld_eabi.lib : int46.asm.obj (.int46)

EUSCI_B0   0    0000ffee    00000002     
                  0000ffee    00000002     rts430x_lc_ld_eabi.lib : int47.asm.obj (.int47)

EUSCI_A0   0    0000fff0    00000002     
                  0000fff0    00000002     rts430x_lc_ld_eabi.lib : int48.asm.obj (.int48)

WDT        0    0000fff2    00000002     
                  0000fff2    00000002     rts430x_lc_ld_eabi.lib : int49.asm.obj (.int49)

TIMER0_B1 
*          0    0000fff4    00000002     
                  0000fff4    00000002     rts430x_lc_ld_eabi.lib : int50.asm.obj (.int50)

TIMER0_B0 
*          0    0000fff6    00000002     
                  0000fff6    00000002     rts430x_lc_ld_eabi.lib : int51.asm.obj (.int51)

COMP_E     0    0000fff8    00000002     
                  0000fff8    00000002     rts430x_lc_ld_eabi.lib : int52.asm.obj (.int52)

UNMI       0    0000fffa    00000002     
                  0000fffa    00000002     rts430x_lc_ld_eabi.lib : int53.asm.obj (.int53)

SYSNMI     0    0000fffc    00000002     
                  0000fffc    00000002     rts430x_lc_ld_eabi.lib : int54.asm.obj (.int54)

.reset     0    0000fffe    00000002     
                  0000fffe    00000002     rts430x_lc_ld_eabi.lib : boot.c.obj (.reset)

.const     0    0000a996    000002e1     
                  0000a996    00000100     QmathLib_CCS_MPY32_5xx_6xx_CPUX_large_code_large_data.lib : _QNtables.o (.const:_Q16div_coeffs)
                  0000aa96    000000d0     IQmathLib_CCS_MPY32_5xx_6xx_CPUX_large_code_large_data.lib : _IQNtables.o (.const:_IQ31CosLookup)
                  0000ab66    000000d0                                                                : _IQNtables.o (.const:_IQ31SinLookup)
                  0000ac36    00000041                                                                : _IQNtables.o (.const:.string:_IQ6div_lookup)

.text.2    0    00010000    00005ff0     
                  00010000    00000a92     USS_SW_CCS_large_code_large_data.lib : USS_init.obj (.text:USS_init)
                  00010a92    00000a6c     ussSwLibCommonSAPH.obj (.text:commonConfigureMultiTone)
                  000114fe    00000856     USS_SW_CCS_large_code_large_data.lib : USS_computeAbsTOF_lobeWide.obj (.text:USS_computeAbsTOF_lobeWide)
                  00011d54    000004d4                                          : USS_computeDeltaTOF_estimate.obj (.text:USS_computeDeltaTOF_estimate)
                  00012228    000004b0                                          : ussSwLibAlgorithms.obj (.text:USS_initAlgorithms)
                  000126d8    0000034e                                          : USS_computeDeltaTOF_water.obj (.text:USS_computeDeltaTOF_water)
                  00012a26    00000340                                          : USS_computeAbsTOF_hilbertWide.obj (.text:USS_computeAbsTOF_hilbertWide)
                  00012d66    000002d4     ussSwLibCalibration.obj (.text:USS_verifyHSPLLFrequency)
                  0001303a    00000284     IQmathLib_CCS_MPY32_5xx_6xx_CPUX_large_code_large_data.lib : _IQNsin_cos.o (.text:_IQ23sin)
                  000132be    00000278     ussSwLibCommonSAPH.obj (.text:commonValidateSAPHconfigruation)
                  00013536    00000250     USS_SW_CCS_large_code_large_data.lib : USS_support_lea.obj (.text:USS_corrN)
                  00013786    00000244                                          : USS_computeAbsTOF_lobe.obj (.text:USS_computeAbsTOF_lobe_search)
                  000139ca    00000228                                          : USS_updateADCParams.obj (.text:USS_updateADCParams)
                  00013bf2    00000226                                          : USS_computeDeltaTOF_estimate.obj (.text:USS_runSampleCorrection)
                  00013e18    00000208                                          : USS_computeDeltaTOF_water.obj (.text:USS_runSampleCorrection)
                  00014020    000001ec                                          : ussSwLibAlgorithms.obj (.text:privateRunAlg)
                  0001420c    000001d4     ussSwLibConfiguration.obj (.text:USS_updateSAPHConfiguration)
                  000143e0    000001d4     IQmathLib_CCS_MPY32_5xx_6xx_CPUX_large_code_large_data.lib : _IQNdiv.o (.text:_IQ12div)
                  000145b4    000001d4                                                                : _IQNdiv.o (.text:_IQ16div)
                  00014788    000001d4                                                                : _IQNdiv.o (.text:_IQ21div)
                  0001495c    000001d4                                                                : _IQNdiv.o (.text:_IQ24div)
                  00014b30    000001d4                                                                : _IQNdiv.o (.text:_IQ27div)
                  00014d04    000001d2     USS_SW_CCS_large_code_large_data.lib : USS_run.obj (.text:USS_run)
                  00014ed6    000001d2     IQmathLib_CCS_MPY32_5xx_6xx_CPUX_large_code_large_data.lib : _IQNdiv.o (.text:_IQ28div)
                  000150a8    000001d0     ussSwLibMeasurement.obj (.text:USS_commonTriggerSingleCapture)
                  00015278    000001cc     USS_SW_CCS_large_code_large_data.lib : ussSwLibAlgorithms.obj (.text:USS_generateMultiToneBinaryPattern)
                  00015444    000001c2     IQmathLib_CCS_MPY32_5xx_6xx_CPUX_large_code_large_data.lib : _IQNdiv.o (.text:_IQ30div)
                  00015606    000001b6     USS_SW_CCS_large_code_large_data.lib : ussSwLibAlgorithms.obj (.text:USS_generateMonoDualToneBinaryPattern)
                  000157bc    00000190                                          : USS_computeDeltaTOF_estimate.obj (.text:USS_generateWindow)
                  0001594c    00000164                                          : ussSwLibAlgorithms.obj (.text:USS_updateClockRelativeError)
                  00015ab0    00000160                                          : USS_computeDeltaTOF_water.obj (.text:USS_generateWindow)
                  00015c10    00000154                                          : USS_support_lea.obj (.text:USS_calculateMax)
                  00015d64    00000136     main.obj (.text:main)
                  00015e9a    00000132     rts430x_lc_ld_eabi.lib : fs_add.asm.obj (.text)
                  00015fcc    00000024     ussSwLibCommonTimer.obj (.text:commonTimerPeriodMeasurementDisableInterrupts)

MODULE SUMMARY

       Module                                code    ro data   rw data
       ------                                ----    -------   -------
    .\
       main.obj                              482     0         0      
       system_pre_init.obj                   140     0         0      
    +--+-------------------------------------+-------+---------+---------+
       Total:                                622     0         0      
                                                                      
    .\USS_Config\
       USS_userConfig.obj                    0       0         9994   
    +--+-------------------------------------+-------+---------+---------+
       Total:                                0       0         9994   
                                                                      
    .\ussSWLib\USS_HAL\
       USS_Lib_HAL.obj                       688     18        58     
    +--+-------------------------------------+-------+---------+---------+
       Total:                                688     18        58     
                                                                      
    .\ussSWLib\source\
       ussSwLibConfiguration.obj             1040    0         0      
       ussSwLibCalibration.obj               724     0         0      
       ussSwLibMeasurement.obj               718     0         0      
       ussSwLibISR.obj                       50      0         4      
       ussSwLibAlgorithm.obj                 44      0         0      
       ussSwLibVFRCalib.obj                  4       0         0      
    +--+-------------------------------------+-------+---------+---------+
       Total:                                2580    0         4      
                                                                      
    .\ussSWLib\source\common\
       ussSwLibCommonSAPH.obj                3546    0         0      
       ussSwLibCommonTimer.obj               644     0         0      
       ussSwLibCommonUSS.obj                 588     0         0      
       ussSwLibCommonHSPLL.obj               264     0         0      
       ussSwLibCommonSDHS.obj                244     0         0      
       ussSwLibCommonInterrupts.obj          102     0         0      
    +--+-------------------------------------+-------+---------+---------+
       Total:                                5388    0         0      
                                                                      
    C:\ti\ccs2041\ccs\ccs_base\msp430\lib\FR59xx\MSPMPU_INIT_LIB_CCS_msp430_large_code_large_data.lib
       mpu_init.o                            44      0         0      
    +--+-------------------------------------+-------+---------+---------+
       Total:                                44      0         0      
                                                                      
    C:\ti\ccs2041\ccs\tools\compiler\ti-cgt-msp430_21.6.1.LTS\lib\rts430x_lc_ld_eabi.lib
       fs_add.asm.obj                        306     0         0      
       fs_mpy.asm.obj                        184     0         0      
       fs_div.asm.obj                        144     0         0      
       fs_tol.asm.obj                        126     0         0      
       autoinit.c.obj                        120     0         0      
       fs_toi.asm.obj                        104     0         0      
       div32u.asm.obj                        88      0         0      
       fs_toul.asm.obj                       76      0         0      
       fs_cmp.asm.obj                        74      0         0      
       fs_ltof.asm.obj                       74      0         0      
       fs_tou.asm.obj                        70      0         0      
       div32s.asm.obj                        64      0         0      
       asr32.asm.obj                         62      0         0      
       lsl32.asm.obj                         62      0         0      
       lsr32.asm.obj                         62      0         0      
       lsr64.c.obj                           58      0         0      
       fs_itof.asm.obj                       54      0         0      
       fs_ultof.asm.obj                      50      0         0      
       copy_zero_init.c.obj                  36      0         0      
       fs_utof.asm.obj                       36      0         0      
       mult32_f5hw.asm.obj                   36      0         0      
       boot.c.obj                            32      2         0      
       mult1632_f5hw.asm.obj                 28      0         0      
       mult16_f5hw.asm.obj                   24      0         0      
       div16u.asm.obj                        22      0         0      
       labs.c.obj                            14      0         0      
       abs.c.obj                             10      0         0      
       lsl16.asm.obj                         10      0         0      
       lsr16.asm.obj                         10      0         0      
       isr_trap.asm.obj                      8       0         0      
       exit.c.obj                            6       0         0      
       int21.asm.obj                         0       2         0      
       int22.asm.obj                         0       2         0      
       int23.asm.obj                         0       2         0      
       int24.asm.obj                         0       2         0      
       int25.asm.obj                         0       2         0      
       int26.asm.obj                         0       2         0      
       int27.asm.obj                         0       2         0      
       int28.asm.obj                         0       2         0      
       int29.asm.obj                         0       2         0      
       int30.asm.obj                         0       2         0      
       int31.asm.obj                         0       2         0      
       int32.asm.obj                         0       2         0      
       int33.asm.obj                         0       2         0      
       int34.asm.obj                         0       2         0      
       int35.asm.obj                         0       2         0      
       int36.asm.obj                         0       2         0      
       int37.asm.obj                         0       2         0      
       int38.asm.obj                         0       2         0      
       int39.asm.obj                         0       2         0      
       int43.asm.obj                         0       2         0      
       int45.asm.obj                         0       2         0      
       int46.asm.obj                         0       2         0      
       int47.asm.obj                         0       2         0      
       int48.asm.obj                         0       2         0      
       int49.asm.obj                         0       2         0      
       int50.asm.obj                         0       2         0      
       int51.asm.obj                         0       2         0      
       int52.asm.obj                         0       2         0      
       int53.asm.obj                         0       2         0      
       int54.asm.obj                         0       2         0      
       startup.c.obj                         2       0         0      
    +--+-------------------------------------+-------+---------+---------+
       Total:                                2052    62        0      
                                                                      
    C:\ti\msp\USS_02_30_00_03\USS\lib\IQMathLibrary\libraries\CCS\MPY32\5xx_6xx\IQmathLib_CCS_MPY32_5xx_6xx_CPUX_large_code_large_data.lib
       _IQNdiv.o                             3256    0         0      
       _IQNsin_cos.o                         644     0         0      
       _IQNtoF.o                             570     0         0      
       _IQNtables.o                          0       481       0      
       __IQNmpy.o                            466     0         0      
       __IQNrsmpy.o                          378     0         0      
       __IQNrmpy.o                           86      0         0      
    +--+-------------------------------------+-------+---------+---------+
       Total:                                5400    481       0      
                                                                      
    C:\ti\msp\USS_02_30_00_03\USS\lib\IQMathLibrary\libraries\CCS\MPY32\5xx_6xx\QmathLib_CCS_MPY32_5xx_6xx_CPUX_large_code_large_data.lib
       _QNtables.o                           0       256       0      
       _QNdiv.o                              190     0         0      
       __QNrmpy.o                            78      0         0      
    +--+-------------------------------------+-------+---------+---------+
       Total:                                268     256       0      
                                                                      
    C:\ti\msp\USS_02_30_00_03\USS\lib\USS\CCS\USS_SW_CCS_large_code_large_data.lib
       ussSwLibAlgorithms.obj                3704    0         346    
       USS_support_lea.obj                   2904    0         0      
       USS_init.obj                          2706    0         0      
       USS_computeDeltaTOF_estimate.obj      2186    0         0      
       USS_computeAbsTOF_lobeWide.obj        2134    0         0      
       USS_computeDeltaTOF_water.obj         1718    0         0      
       USS_math.obj                          1048    0         8      
       USS_computeAbsTOF_lobe.obj            1044    0         0      
       USS_computeAbsTOF_hilbertWide.obj     832     0         0      
       USS_computeAbsTOF_hilbert.obj         662     0         0      
       USS_updateADCParams.obj               552     0         0      
       USS_run.obj                           466     0         0      
       ussSwLibCommonAlgorithms.obj          408     8         0      
       USS_cosInterpolation.obj              344     0         0      
       USS_filter.obj                        174     0         0      
       USS_computeVolumeFlowRate_gas.obj     138     0         0      
       USS_computeVolumeFlowRate_water.obj   138     0         0      
       USS_lea.obj                           78      0         26     
    +--+-------------------------------------+-------+---------+---------+
       Total:                                21236   8         380    
                                                                      
       Stack:                                0       0         500    
       Linker Generated:                     0       46        0      
    +--+-------------------------------------+-------+---------+---------+
       Grand Total:                          38278   871       10936  


LINKER GENERATED COPY TABLES

__TI_cinit_table @ 0000ac8e records: 3, size/record: 8, table size: 24
	.bss: load addr=0000ac78, load size=00000006 bytes, run addr=00001c00, run size=00000122 bytes, compression=zero_init
	.leaRAM: load addr=0000ac7e, load size=00000006 bytes, run addr=00004000, run size=00000fa0 bytes, compression=zero_init
	.ram_thrill: load addr=0000ac84, load size=00000006 bytes, run addr=00001d22, run size=000005a0 bytes, compression=zero_init


LINKER GENERATED HANDLER TABLE

__TI_handler_table @ 0000ac8a records: 1, size/record: 4, table size: 4
	index: 0, handler: __TI_zero_init


GLOBAL SYMBOLS: SORTED ALPHABETICALLY BY Name 

address   name                                         
-------   ----                                         
00000800  ADC12CTL0                                    
00000801  ADC12CTL0_H                                  
00000800  ADC12CTL0_L                                  
00000802  ADC12CTL1                                    
00000803  ADC12CTL1_H                                  
00000802  ADC12CTL1_L                                  
00000804  ADC12CTL2                                    
00000805  ADC12CTL2_H                                  
00000804  ADC12CTL2_L                                  
00000806  ADC12CTL3                                    
00000807  ADC12CTL3_H                                  
00000806  ADC12CTL3_L                                  
0000080a  ADC12HI                                      
0000080b  ADC12HI_H                                    
0000080a  ADC12HI_L                                    
00000812  ADC12IER0                                    
00000813  ADC12IER0_H                                  
00000812  ADC12IER0_L                                  
00000814  ADC12IER1                                    
00000815  ADC12IER1_H                                  
00000814  ADC12IER1_L                                  
00000816  ADC12IER2                                    
00000817  ADC12IER2_H                                  
00000816  ADC12IER2_L                                  
0000080c  ADC12IFGR0                                   
0000080d  ADC12IFGR0_H                                 
0000080c  ADC12IFGR0_L                                 
0000080e  ADC12IFGR1                                   
0000080f  ADC12IFGR1_H                                 
0000080e  ADC12IFGR1_L                                 
00000810  ADC12IFGR2                                   
00000811  ADC12IFGR2_H                                 
00000810  ADC12IFGR2_L                                 
00000818  ADC12IV                                      
00000819  ADC12IV_H                                    
00000818  ADC12IV_L                                    
00000808  ADC12LO                                      
00000809  ADC12LO_H                                    
00000808  ADC12LO_L                                    
00000820  ADC12MCTL0                                   
00000821  ADC12MCTL0_H                                 
00000820  ADC12MCTL0_L                                 
00000822  ADC12MCTL1                                   
00000834  ADC12MCTL10                                  
00000835  ADC12MCTL10_H                                
00000834  ADC12MCTL10_L                                
00000836  ADC12MCTL11                                  
00000837  ADC12MCTL11_H                                
00000836  ADC12MCTL11_L                                
00000838  ADC12MCTL12                                  
00000839  ADC12MCTL12_H                                
00000838  ADC12MCTL12_L                                
0000083a  ADC12MCTL13                                  
0000083b  ADC12MCTL13_H                                
0000083a  ADC12MCTL13_L                                
0000083c  ADC12MCTL14                                  
0000083d  ADC12MCTL14_H                                
0000083c  ADC12MCTL14_L                                
0000083e  ADC12MCTL15                                  
0000083f  ADC12MCTL15_H                                
0000083e  ADC12MCTL15_L                                
00000840  ADC12MCTL16                                  
00000841  ADC12MCTL16_H                                
00000840  ADC12MCTL16_L                                
00000842  ADC12MCTL17                                  
00000843  ADC12MCTL17_H                                
00000842  ADC12MCTL17_L                                
00000844  ADC12MCTL18                                  
00000845  ADC12MCTL18_H                                
00000844  ADC12MCTL18_L                                
00000846  ADC12MCTL19                                  
00000847  ADC12MCTL19_H                                
00000846  ADC12MCTL19_L                                
00000823  ADC12MCTL1_H                                 
00000822  ADC12MCTL1_L                                 
00000824  ADC12MCTL2                                   
00000848  ADC12MCTL20                                  
00000849  ADC12MCTL20_H                                
00000848  ADC12MCTL20_L                                
0000084a  ADC12MCTL21                                  
0000084b  ADC12MCTL21_H                                
0000084a  ADC12MCTL21_L                                
0000084c  ADC12MCTL22                                  
0000084d  ADC12MCTL22_H                                
0000084c  ADC12MCTL22_L                                
0000084e  ADC12MCTL23                                  
0000084f  ADC12MCTL23_H                                
0000084e  ADC12MCTL23_L                                
00000850  ADC12MCTL24                                  
00000851  ADC12MCTL24_H                                
00000850  ADC12MCTL24_L                                
00000852  ADC12MCTL25                                  
00000853  ADC12MCTL25_H                                
00000852  ADC12MCTL25_L                                
00000854  ADC12MCTL26                                  
00000855  ADC12MCTL26_H                                
00000854  ADC12MCTL26_L                                
00000856  ADC12MCTL27                                  
00000857  ADC12MCTL27_H                                
00000856  ADC12MCTL27_L                                
00000858  ADC12MCTL28                                  
00000859  ADC12MCTL28_H                                
00000858  ADC12MCTL28_L                                
0000085a  ADC12MCTL29                                  
0000085b  ADC12MCTL29_H                                
0000085a  ADC12MCTL29_L                                
00000825  ADC12MCTL2_H                                 
00000824  ADC12MCTL2_L                                 
00000826  ADC12MCTL3                                   
0000085c  ADC12MCTL30                                  
0000085d  ADC12MCTL30_H                                
0000085c  ADC12MCTL30_L                                
0000085e  ADC12MCTL31                                  
0000085f  ADC12MCTL31_H                                
0000085e  ADC12MCTL31_L                                
00000827  ADC12MCTL3_H                                 
00000826  ADC12MCTL3_L                                 
00000828  ADC12MCTL4                                   
00000829  ADC12MCTL4_H                                 
00000828  ADC12MCTL4_L                                 
0000082a  ADC12MCTL5                                   
0000082b  ADC12MCTL5_H                                 
0000082a  ADC12MCTL5_L                                 
0000082c  ADC12MCTL6                                   
0000082d  ADC12MCTL6_H                                 
0000082c  ADC12MCTL6_L                                 
0000082e  ADC12MCTL7                                   
0000082f  ADC12MCTL7_H                                 
0000082e  ADC12MCTL7_L                                 
00000830  ADC12MCTL8                                   
00000831  ADC12MCTL8_H                                 
00000830  ADC12MCTL8_L                                 
00000832  ADC12MCTL9                                   
00000833  ADC12MCTL9_H                                 
00000832  ADC12MCTL9_L                                 
00000860  ADC12MEM0                                    
00000861  ADC12MEM0_H                                  
00000860  ADC12MEM0_L                                  
00000862  ADC12MEM1                                    
00000874  ADC12MEM10                                   
00000875  ADC12MEM10_H                                 
00000874  ADC12MEM10_L                                 
00000876  ADC12MEM11                                   
00000877  ADC12MEM11_H                                 
00000876  ADC12MEM11_L                                 
00000878  ADC12MEM12                                   
00000879  ADC12MEM12_H                                 
00000878  ADC12MEM12_L                                 
0000087a  ADC12MEM13                                   
0000087b  ADC12MEM13_H                                 
0000087a  ADC12MEM13_L                                 
0000087c  ADC12MEM14                                   
0000087d  ADC12MEM14_H                                 
0000087c  ADC12MEM14_L                                 
0000087e  ADC12MEM15                                   
0000087f  ADC12MEM15_H                                 
0000087e  ADC12MEM15_L                                 
00000880  ADC12MEM16                                   
00000881  ADC12MEM16_H                                 
00000880  ADC12MEM16_L                                 
00000882  ADC12MEM17                                   
00000883  ADC12MEM17_H                                 
00000882  ADC12MEM17_L                                 
00000884  ADC12MEM18                                   
00000885  ADC12MEM18_H                                 
00000884  ADC12MEM18_L                                 
00000886  ADC12MEM19                                   
00000887  ADC12MEM19_H                                 
00000886  ADC12MEM19_L                                 
00000863  ADC12MEM1_H                                  
00000862  ADC12MEM1_L                                  
00000864  ADC12MEM2                                    
00000888  ADC12MEM20                                   
00000889  ADC12MEM20_H                                 
00000888  ADC12MEM20_L                                 
0000088a  ADC12MEM21                                   
0000088b  ADC12MEM21_H                                 
0000088a  ADC12MEM21_L                                 
0000088c  ADC12MEM22                                   
0000088d  ADC12MEM22_H                                 
0000088c  ADC12MEM22_L                                 
0000088e  ADC12MEM23                                   
0000088f  ADC12MEM23_H                                 
0000088e  ADC12MEM23_L                                 
00000890  ADC12MEM24                                   
00000891  ADC12MEM24_H                                 
00000890  ADC12MEM24_L                                 
00000892  ADC12MEM25                                   
00000893  ADC12MEM25_H                                 
00000892  ADC12MEM25_L                                 
00000894  ADC12MEM26                                   
00000895  ADC12MEM26_H                                 
00000894  ADC12MEM26_L                                 
00000896  ADC12MEM27                                   
00000897  ADC12MEM27_H                                 
00000896  ADC12MEM27_L                                 
00000898  ADC12MEM28                                   
00000899  ADC12MEM28_H                                 
00000898  ADC12MEM28_L                                 
0000089a  ADC12MEM29                                   
0000089b  ADC12MEM29_H                                 
0000089a  ADC12MEM29_L                                 
00000865  ADC12MEM2_H                                  
00000864  ADC12MEM2_L                                  
00000866  ADC12MEM3                                    
0000089c  ADC12MEM30                                   
0000089d  ADC12MEM30_H                                 
0000089c  ADC12MEM30_L                                 
0000089e  ADC12MEM31                                   
0000089f  ADC12MEM31_H                                 
0000089e  ADC12MEM31_L                                 
00000867  ADC12MEM3_H                                  
00000866  ADC12MEM3_L                                  
00000868  ADC12MEM4                                    
00000869  ADC12MEM4_H                                  
00000868  ADC12MEM4_L                                  
0000086a  ADC12MEM5                                    
0000086b  ADC12MEM5_H                                  
0000086a  ADC12MEM5_L                                  
0000086c  ADC12MEM6                                    
0000086d  ADC12MEM6_H                                  
0000086c  ADC12MEM6_L                                  
0000086e  ADC12MEM7                                    
0000086f  ADC12MEM7_H                                  
0000086e  ADC12MEM7_L                                  
00000870  ADC12MEM8                                    
00000871  ADC12MEM8_H                                  
00000870  ADC12MEM8_L                                  
00000872  ADC12MEM9                                    
00000873  ADC12MEM9_H                                  
00000872  ADC12MEM9_L                                  
000009c0  AESACTL0                                     
000009c1  AESACTL0_H                                   
000009c0  AESACTL0_L                                   
000009c2  AESACTL1                                     
000009c3  AESACTL1_H                                   
000009c2  AESACTL1_L                                   
000009c8  AESADIN                                      
000009c9  AESADIN_H                                    
000009c8  AESADIN_L                                    
000009ca  AESADOUT                                     
000009cb  AESADOUT_H                                   
000009ca  AESADOUT_L                                   
000009c6  AESAKEY                                      
000009c7  AESAKEY_H                                    
000009c6  AESAKEY_L                                    
000009c4  AESASTAT                                     
000009c5  AESASTAT_H                                   
000009c4  AESASTAT_L                                   
000009cc  AESAXDIN                                     
000009cd  AESAXDIN_H                                   
000009cc  AESAXDIN_L                                   
000009ce  AESAXIN                                      
000009cf  AESAXIN_H                                    
000009ce  AESAXIN_L                                    
000004be  BCD2BIN                                      
000004bf  BCD2BIN_H                                    
000004be  BCD2BIN_L                                    
000004bc  BIN2BCD                                      
000004bd  BIN2BCD_H                                    
000004bc  BIN2BCD_L                                    
0000a98a  C$$EXIT                                      
0000043e  CAPTIO0CTL                                   
0000043f  CAPTIO0CTL_H                                 
0000043e  CAPTIO0CTL_L                                 
0000047e  CAPTIO1CTL                                   
0000047f  CAPTIO1CTL_H                                 
0000047e  CAPTIO1CTL_L                                 
000008c0  CECTL0                                       
000008c1  CECTL0_H                                     
000008c0  CECTL0_L                                     
000008c2  CECTL1                                       
000008c3  CECTL1_H                                     
000008c2  CECTL1_L                                     
000008c4  CECTL2                                       
000008c5  CECTL2_H                                     
000008c4  CECTL2_L                                     
000008c6  CECTL3                                       
000008c7  CECTL3_H                                     
000008c6  CECTL3_L                                     
000008cc  CEINT                                        
000008cd  CEINT_H                                      
000008cc  CEINT_L                                      
000008ce  CEIV                                         
000008cf  CEIV_H                                       
000008ce  CEIV_L                                       
00000996  CRC16DIRBW0                                  
00000997  CRC16DIRBW0_H                                
00000996  CRC16DIRBW0_L                                
00000990  CRC16DIW0                                    
00000991  CRC16DIW0_H                                  
00000990  CRC16DIW0_L                                  
00000998  CRC16INIRESW0                                
00000999  CRC16INIRESW0_H                              
00000998  CRC16INIRESW0_L                              
0000099e  CRC16RESRW0                                  
0000099f  CRC16RESRW0_H                                
0000099e  CRC16RESRW0_L                                
00000986  CRC32DIRBW0                                  
00000987  CRC32DIRBW0_H                                
00000986  CRC32DIRBW0_L                                
00000984  CRC32DIRBW1                                  
00000985  CRC32DIRBW1_H                                
00000984  CRC32DIRBW1_L                                
00000980  CRC32DIW0                                    
00000981  CRC32DIW0_H                                  
00000980  CRC32DIW0_L                                  
00000982  CRC32DIW1                                    
00000983  CRC32DIW1_H                                  
00000982  CRC32DIW1_L                                  
00000988  CRC32INIRESW0                                
00000989  CRC32INIRESW0_H                              
00000988  CRC32INIRESW0_L                              
0000098a  CRC32INIRESW1                                
0000098b  CRC32INIRESW1_H                              
0000098a  CRC32INIRESW1_L                              
0000098e  CRC32RESRW0                                  
0000098f  CRC32RESRW0_H                                
0000098e  CRC32RESRW0_L                                
0000098c  CRC32RESRW1                                  
0000098d  CRC32RESRW1_H                                
0000098c  CRC32RESRW1_L                                
00000150  CRCDI                                        
00000152  CRCDIRB                                      
00000153  CRCDIRB_H                                    
00000152  CRCDIRB_L                                    
00000151  CRCDI_H                                      
00000150  CRCDI_L                                      
00000154  CRCINIRES                                    
00000155  CRCINIRES_H                                  
00000154  CRCINIRES_L                                  
00000156  CRCRESR                                      
00000157  CRCRESR_H                                    
00000156  CRCRESR_L                                    
00000160  CSCTL0                                       
00000161  CSCTL0_H                                     
00000160  CSCTL0_L                                     
00000162  CSCTL1                                       
00000163  CSCTL1_H                                     
00000162  CSCTL1_L                                     
00000164  CSCTL2                                       
00000165  CSCTL2_H                                     
00000164  CSCTL2_L                                     
00000166  CSCTL3                                       
00000167  CSCTL3_H                                     
00000166  CSCTL3_L                                     
00000168  CSCTL4                                       
00000169  CSCTL4_H                                     
00000168  CSCTL4_L                                     
0000016a  CSCTL5                                       
0000016b  CSCTL5_H                                     
0000016a  CSCTL5_L                                     
0000016c  CSCTL6                                       
0000016d  CSCTL6_H                                     
0000016c  CSCTL6_L                                     
00000510  DMA0CTL                                      
00000511  DMA0CTL_H                                    
00000510  DMA0CTL_L                                    
00000516  DMA0DA                                       
00000518  DMA0DAH                                      
00000516  DMA0DAL                                      
00000512  DMA0SA                                       
00000514  DMA0SAH                                      
00000512  DMA0SAL                                      
0000051a  DMA0SZ                                       
0000051b  DMA0SZ_H                                     
0000051a  DMA0SZ_L                                     
00000520  DMA1CTL                                      
00000521  DMA1CTL_H                                    
00000520  DMA1CTL_L                                    
00000526  DMA1DA                                       
00000528  DMA1DAH                                      
00000526  DMA1DAL                                      
00000522  DMA1SA                                       
00000524  DMA1SAH                                      
00000522  DMA1SAL                                      
0000052a  DMA1SZ                                       
0000052b  DMA1SZ_H                                     
0000052a  DMA1SZ_L                                     
00000530  DMA2CTL                                      
00000531  DMA2CTL_H                                    
00000530  DMA2CTL_L                                    
00000536  DMA2DA                                       
00000538  DMA2DAH                                      
00000536  DMA2DAL                                      
00000532  DMA2SA                                       
00000534  DMA2SAH                                      
00000532  DMA2SAL                                      
0000053a  DMA2SZ                                       
0000053b  DMA2SZ_H                                     
0000053a  DMA2SZ_L                                     
00000540  DMA3CTL                                      
00000541  DMA3CTL_H                                    
00000540  DMA3CTL_L                                    
00000546  DMA3DA                                       
00000548  DMA3DAH                                      
00000546  DMA3DAL                                      
00000542  DMA3SA                                       
00000544  DMA3SAH                                      
00000542  DMA3SAL                                      
0000054a  DMA3SZ                                       
0000054b  DMA3SZ_H                                     
0000054a  DMA3SZ_L                                     
00000550  DMA4CTL                                      
00000551  DMA4CTL_H                                    
00000550  DMA4CTL_L                                    
00000556  DMA4DA                                       
00000558  DMA4DAH                                      
00000556  DMA4DAL                                      
00000552  DMA4SA                                       
00000554  DMA4SAH                                      
00000552  DMA4SAL                                      
0000055a  DMA4SZ                                       
0000055b  DMA4SZ_H                                     
0000055a  DMA4SZ_L                                     
00000560  DMA5CTL                                      
00000561  DMA5CTL_H                                    
00000560  DMA5CTL_L                                    
00000566  DMA5DA                                       
00000568  DMA5DAH                                      
00000566  DMA5DAL                                      
00000562  DMA5SA                                       
00000564  DMA5SAH                                      
00000562  DMA5SAL                                      
0000056a  DMA5SZ                                       
0000056b  DMA5SZ_H                                     
0000056a  DMA5SZ_L                                     
00000500  DMACTL0                                      
00000501  DMACTL0_H                                    
00000500  DMACTL0_L                                    
00000502  DMACTL1                                      
00000503  DMACTL1_H                                    
00000502  DMACTL1_L                                    
00000504  DMACTL2                                      
00000505  DMACTL2_H                                    
00000504  DMACTL2_L                                    
00000508  DMACTL4                                      
00000509  DMACTL4_H                                    
00000508  DMACTL4_L                                    
0000050e  DMAIV                                        
0000050f  DMAIV_H                                      
0000050e  DMAIV_L                                      
000081e2  DMA_HSPLL                                    
00000140  FRCTL0                                       
00000141  FRCTL0_H                                     
00000140  FRCTL0_L                                     
00000144  GCCTL0                                       
00000145  GCCTL0_H                                     
00000144  GCCTL0_L                                     
00000146  GCCTL1                                       
00000147  GCCTL1_H                                     
00000146  GCCTL1_L                                     
00000ef0  HSPLLCTL                                     
00000ef1  HSPLLCTL_H                                   
00000ef0  HSPLLCTL_L                                   
00000eee  HSPLLDESCHI                                  
00000eef  HSPLLDESCHI_H                                
00000eee  HSPLLDESCHI_L                                
00000eec  HSPLLDESCLO                                  
00000eed  HSPLLDESCLO_H                                
00000eec  HSPLLDESCLO_L                                
00000ee8  HSPLLICR                                     
00000ee9  HSPLLICR_H                                   
00000ee8  HSPLLICR_L                                   
00000ee0  HSPLLIIDX                                    
00000ee1  HSPLLIIDX_H                                  
00000ee0  HSPLLIIDX_L                                  
00000ee6  HSPLLIMSC                                    
00000ee7  HSPLLIMSC_H                                  
00000ee6  HSPLLIMSC_L                                  
00000eea  HSPLLISR                                     
00000eeb  HSPLLISR_H                                   
00000eea  HSPLLISR_L                                   
00000ee2  HSPLLMIS                                     
00000ee3  HSPLLMIS_H                                   
00000ee2  HSPLLMIS_L                                   
00000ee4  HSPLLRIS                                     
00000ee5  HSPLLRIS_H                                   
00000ee4  HSPLLRIS_L                                   
00000ef2  HSPLLUSSXTLCTL                               
00000ef3  HSPLLUSSXTLCTL_H                             
00000ef2  HSPLLUSSXTLCTL_L                             
0000815c  ISR_HSPLL                                    
0000802e  ISR_SAPH                                     
00007f90  ISR_SDHS                                     
00008098  ISR_UUPS                                     
00000a04  LCDCBLKCTL                                   
00000a05  LCDCBLKCTL_H                                 
00000a04  LCDCBLKCTL_L                                 
00000a12  LCDCCPCTL                                    
00000a13  LCDCCPCTL_H                                  
00000a12  LCDCCPCTL_L                                  
00000a00  LCDCCTL0                                     
00000a01  LCDCCTL0_H                                   
00000a00  LCDCCTL0_L                                   
00000a02  LCDCCTL1                                     
00000a03  LCDCCTL1_H                                   
00000a02  LCDCCTL1_L                                   
00000a1e  LCDCIV                                       
00000a1f  LCDCIV_H                                     
00000a1e  LCDCIV_L                                     
00000a06  LCDCMEMCTL                                   
00000a07  LCDCMEMCTL_H                                 
00000a06  LCDCMEMCTL_L                                 
00000a0a  LCDCPCTL0                                    
00000a0b  LCDCPCTL0_H                                  
00000a0a  LCDCPCTL0_L                                  
00000a0c  LCDCPCTL1                                    
00000a0d  LCDCPCTL1_H                                  
00000a0c  LCDCPCTL1_L                                  
00000a0e  LCDCPCTL2                                    
00000a0f  LCDCPCTL2_H                                  
00000a0e  LCDCPCTL2_L                                  
00000a10  LCDCPCTL3                                    
00000a11  LCDCPCTL3_H                                  
00000a10  LCDCPCTL3_L                                  
00000a08  LCDCVCTL                                     
00000a09  LCDCVCTL_H                                   
00000a08  LCDCVCTL_L                                   
00000a20  LCDM1                                        
00000a29  LCDM10                                       
00000a2a  LCDM11                                       
00000a2b  LCDM12                                       
00000a2c  LCDM13                                       
00000a2d  LCDM14                                       
00000a2e  LCDM15                                       
00000a2f  LCDM16                                       
00000a30  LCDM17                                       
00000a31  LCDM18                                       
00000a32  LCDM19                                       
00000a21  LCDM2                                        
00000a33  LCDM20                                       
00000a34  LCDM21                                       
00000a35  LCDM22                                       
00000a36  LCDM23                                       
00000a37  LCDM24                                       
00000a38  LCDM25                                       
00000a39  LCDM26                                       
00000a3a  LCDM27                                       
00000a3b  LCDM28                                       
00000a3c  LCDM29                                       
00000a22  LCDM3                                        
00000a3d  LCDM30                                       
00000a3e  LCDM31                                       
00000a3f  LCDM32                                       
00000a40  LCDM33_LCDBM1                                
00000a41  LCDM34_LCDBM2                                
00000a42  LCDM35_LCDBM3                                
00000a43  LCDM36_LCDBM4                                
00000a44  LCDM37_LCDBM5                                
00000a45  LCDM38_LCDBM6                                
00000a46  LCDM39_LCDBM7                                
00000a23  LCDM4                                        
00000a47  LCDM40_LCDBM8                                
00000a48  LCDM41_LCDBM9                                
00000a49  LCDM42_LCDBM10                               
00000a4a  LCDM43_LCDBM11                               
00000a4b  LCDM44_LCDBM12                               
[...]
00000eef  HSPLLDESCHI_H                                
00000ef0  HSPLLCTL                                     
00000ef0  HSPLLCTL_L                                   
00000ef1  HSPLLCTL_H                                   
00000ef2  HSPLLUSSXTLCTL                               
00000ef2  HSPLLUSSXTLCTL_L                             
00000ef3  HSPLLUSSXTLCTL_H                             
00000f00  MTIFPGCNF                                    
00000f00  MTIFPGCNF_L                                  
00000f01  MTIFPGCNF_H                                  
00000f02  MTIFPGKVAL                                   
00000f02  MTIFPGKVAL_L                                 
00000f03  MTIFPGKVAL_H                                 
00000f04  MTIFPGCTL                                    
00000f04  MTIFPGCTL_L                                  
00000f05  MTIFPGCTL_H                                  
00000f06  MTIFPGSR                                     
00000f06  MTIFPGSR_L                                   
00000f07  MTIFPGSR_H                                   
00000f08  MTIFPCCNF                                    
00000f08  MTIFPCCNF_L                                  
00000f09  MTIFPCCNF_H                                  
00000f0a  MTIFPCR                                      
00000f0a  MTIFPCR_L                                    
00000f0b  MTIFPCR_H                                    
00000f0c  MTIFPCCTL                                    
00000f0c  MTIFPCCTL_L                                  
00000f0d  MTIFPCCTL_H                                  
00000f0e  MTIFPCSR                                     
00000f0e  MTIFPCSR_L                                   
00000f0f  MTIFPCSR_H                                   
00000f10  MTIFTPCTL                                    
00000f10  MTIFTPCTL_L                                  
00000f11  MTIFTPCTL_H                                  
00001513  mpu_sam_value                                
00001c00  gUSSAlgObject                                
00001d16  USSSWLIB_USS_interrupt_status                
00001d1c  USSSWLIB_USS_measurementPeriod               
00001d1e  USS_LEA_IFG                                  
00001d20  state                                        
00001d22  RAM_XE                                       
00001e8a  RAM_DMA_CONFIG                               
00002a0c  _stack                                       
00002c00  __STACK_END                                  
00004000  gUSSLEATempMemBlock                          
00004820  gUSSLEARAMReservedBlock2                     
00004c20  gUSSBinaryPattern                            
00004f40  gFilterConstant                              
00004f68  gHilbertFilterConstant                       
00004f80  USS_lea_params                               
00004f8c  USS_lea_scratch                              
00004f98  USS_lea_poly_params                          
00006000  fram_rw_start                                
00006000  gNVMemBlock                                  
00006fa0  ussAlgConfig                                 
0000702a  USSSWLIB_SAPH_DATAERR_callback               
0000702e  USSSWLIB_SAPH_TMFTO_callback                 
00007032  USSSWLIB_SAPH_SEQDN_callback                 
00007036  USSSWLIB_SAPH_PNGDN_callback                 
0000703a  USSSWLIB_UUPS_PREQIG_callback                
0000703e  USSSWLIB_UUPS_PTMOUT_callback                
00007042  USSSWLIB_UUPS_STPBYDB_callback               
00007046  USSSWLIB_HSPLL_PLLunlock_callback            
0000704a  USSSWLIB_SDHS_OVF_callback                   
0000704e  USSSWLIB_SDHS_ACQDONE_callback               
00007052  USSSWLIB_SDHS_SSTRG_callback                 
00007056  USSSWLIB_SDHS_DTRDY_callback                 
0000705a  USSSWLIB_SDHS_WINHI_callback                 
0000705e  USSSWLIB_SDHS_WINLO_callback                 
00007062  gUSSHilbertCoeffs                            
00007092  epulse                                       
000070ba  hper                                         
000070e2  lper                                         
0000710a  multiToneConfig                              
00007132  xhper                                        
0000715a  xlper                                        
00007182  xpulse                                       
000071aa  gUssSWConfig                                 
000071cc  ussMeasurementConfig                         
000071ee  ussCaptureConfig                             
00007208  ussEndOfSeq                                  
00007222  ussPulseConfig                               
00007236  ussMeterConfig                               
00007246  ussPLLConfig                                 
00007252  ussSystemConfig                              
0000725e  ussInterruptConfig                           
00007260  ussTriggerConfig                             
00007400  USS_computeAbsTOF_hilbert                    
00007400  fram_ipe_end                                 
00007400  fram_ipe_start                               
00007400  fram_rx_start                                
00007696  USS_iq30Atan2                                
000079e4  USS_corr3                                    
00007b36  USS_iq31Div                                  
00007c32  USS_cosInterpolation                         
00007d08  USS_iq31toiq29Asin                           
00007dbc  USS_iq31Cos                                  
00007e4e  USS_runWindow                                
00007ed8  USS_computeAbsTOF_lobe                       
00007f30  USS_runParabolicInterpolation32              
00007f72  USS_runParabolicInterpolation                
00007f90  ISR_SDHS                                     
0000802e  ISR_SAPH                                     
00008098  ISR_UUPS                                     
000080ea  USSLIB_HAL_TIMER_RXEN_INT                    
00008132  USSLIB_HAL_TIMER_INT_CCRn                    
0000815c  ISR_HSPLL                                    
00008180  USSLIB_HAL_TIMER_INT                         
000081a2  USS_LEA_ISR                                  
000081c2  _c_int00_noargs_mpu                          
000081e2  DMA_HSPLL                                    
000081ec  __TI_ISR_TRAP                                
000081f4  USS_updateHSPLLConfiguration                 
000083fe  commonGetHSPLLFreqInHz                       
000084c8  commonGetPLLFreqInHz                         
00008592  _Q15div                                      
00008650  USS_getResultsInFloat                        
0000870a  commonIsconversionSuccessfull                
000087c4  __mspabi_mpyf                                
0000887c  privatePadCaptures                           
00008932  privateGeneratePattern                       
000089e4  USS_filter                                   
00008a92  USS_addOffset                                
00008b38  USS_scaleSamples                             
00008bde  USS_copyArrayRight                           
00008c80  USS_addSamples                               
00008d1e  USS_corr                                     
00008dba  USS_fir                                      
00008e56  USS_copyArrayLeft                            
00008eee  commonUpdateUSSULPbiasDelay                  
00008f84  USS_copy                                     
00009018  __mspabi_divf                                
000090a8  _system_pre_init                             
00009134  USS_computeVolumeFlowRate_gas                
000091be  USS_computeVolumeFlowRate_water              
00009248  USS_zeroInit                                 
00009352  USS_updateSDHSConfiguration                  
000093d4  _IQ15rsmpy                                   
00009454  commonTimerGenerateLowPowerDelay             
000094d4  _IQ19rsmpy                                   
00009552  __mspabi_fixfli                              
000095d0  _IQ30rsmpy                                   
0000964c  commonValidateSDHSconfigruation              
000096c6  __TI_auto_init_nobinit_nopinit_hold_wdt      
0000973e  USS_runAlgorithmsFixedPoint                  
000097b2  _IQ16toF                                     
00009824  _IQ18toF                                     
00009896  _IQ21toF                                     
00009908  _IQ27toF                                     
0000997a  _IQ30toF                                     
000099ec  USS_startLowPowerUltrasonicCapture           
00009a58  USS_configureUltrasonicMeasurement           
00009ac2  commonValidateMeterConstantConfiguration     
00009b2a  __mspabi_fixfi                               
00009b92  commonValidateAlgorithmsConfiguration        
00009bf8  _IQ21mpy                                     
00009c54  commonWaitForconversion                      
00009cae  __mspabi_divul                               
00009cae  __mspabi_remul                               
00009d06  _IQ12rmpy                                    
00009d5c  _IQ20mpy                                     
00009e52  USS_lea_init                                 
00009ea0  _IQ19mpy                                     
00009eee  _Q12rmpy                                     
00009f3c  commonTimerConfigureTimer                    
00009f8a  USS_updateUSSInterruptsConfiguration         
00009fd6  commonTimerConfigurePeriodMeasurement        
0000a022  __mspabi_fixful                              
0000a06e  _IQ24mpy                                     
0000a0b8  __mspabi_cmpf                                
0000a102  __mspabi_fltlif                              
0000a14c  _IQ30mpy                                     
0000a1dc  __mspabi_fixfu                               
0000a222  _IQ17mpy                                     
0000a264  __mspabi_divli                               
0000a264  __mspabi_remli                               
0000a2a4  commonSDHSConfigModOpt                       
0000a2e2  __mspabi_sral_15                             
0000a2e6  __mspabi_sral_14                             
0000a2ea  __mspabi_sral_13                             
0000a2ee  __mspabi_sral_12                             
0000a2f2  __mspabi_sral_11                             
0000a2f6  __mspabi_sral_10                             
0000a2fa  __mspabi_sral_9                              
0000a2fe  __mspabi_sral_8                              
0000a302  __mspabi_sral_7                              
0000a306  __mspabi_sral_6                              
0000a30a  __mspabi_sral_5                              
0000a30e  __mspabi_sral_4                              
0000a312  __mspabi_sral_3                              
0000a316  __mspabi_sral_2                              
0000a31a  __mspabi_sral_1                              
0000a320  __mspabi_slll_15                             
0000a324  __mspabi_slll_14                             
0000a328  __mspabi_slll_13                             
0000a32c  __mspabi_slll_12                             
0000a330  __mspabi_slll_11                             
0000a334  __mspabi_slll_10                             
0000a338  __mspabi_slll_9                              
0000a33c  __mspabi_slll_8                              
0000a340  __mspabi_slll_7                              
0000a344  __mspabi_slll_6                              
0000a348  __mspabi_slll_5                              
0000a34c  __mspabi_slll_4                              
0000a350  __mspabi_slll_3                              
0000a354  __mspabi_slll_2                              
0000a358  __mspabi_slll_1                              
0000a35e  __mspabi_srll_15                             
0000a362  __mspabi_srll_14                             
0000a366  __mspabi_srll_13                             
0000a36a  __mspabi_srll_12                             
0000a36e  __mspabi_srll_11                             
0000a372  __mspabi_srll_10                             
0000a376  __mspabi_srll_9                              
0000a37a  __mspabi_srll_8                              
0000a37e  __mspabi_srll_7                              
0000a382  __mspabi_srll_6                              
0000a386  __mspabi_srll_5                              
0000a38a  __mspabi_srll_4                              
0000a38e  __mspabi_srll_3                              
0000a392  __mspabi_srll_2                              
0000a396  __mspabi_srll_1                              
0000a39c  USS_resetUSSModule                           
0000a3d8  commonSDHSRestoreSDHSDTCA                    
0000a414  __mspabi_srlll                               
0000a44e  commonTimerConfigureTick                     
0000a486  __mspabi_fltif                               
0000a4bc  commonDetermineVariant                       
0000a4f0  commonTimerPeriodMeasurementClear            
0000a501  mpu_ctl0_value                               
0000a524  commonDisableCaptureInterrupts               
0000a556  commonPrepareForUSSPowerUp                   
0000a588  __mspabi_fltulf                              
0000a5ba  USS_getDNSPtr                                
0000a5ea  USS_getUPSPtr                                
0000a61a  commonTimerConfigureDelay                    
0000a64a  commonValidateHSPLLconfiguration             
0000a678  USS_runAlgorithms                            
0000a6a4  __mpu_init                                   
0000a6d0  USSLIB_HAL_initGPIO                          
0000a6fa  USS_registerSAPHInterruptCallback            
0000a74a  commonTimerPeriodMeasurementStart            
0000a772  commonTimerWaitTickEvent                     
0000a798  __TI_zero_init                               
0000a7bc  __mspabi_fltuf                               
0000a7e0  __mspabi_mpyl_f5hw                           
0000a804  USS_updateUUPSConfiguration                  
0000a822  commonDetermineSiliconVersion                
0000a840  commonPowerUpUSS                             
0000a85e  USSLIB_HAL_configGPIOForCapture              
0000a87a  __mspabi_mpysl_f5hw                          
0000a896  __mspabi_mpyi_f5hw                           
0000a8ae  __mspabi_divu                                
0000a8ae  __mspabi_remu                                
0000a8c4  USSLIB_HAL_startRxEnTimer                    
0000a8d6  USS_waitForAppTimerElapse                    
0000a8e8  USSLIB_HAL_configureRxEnTimer                
0000a8f8  commonStabilizeOscillator                    
0000a908  USS_configAppTimerPeriod                     
0000a916  labs                                         
0000a924  USSLIB_HAL_configGPIOAfterCapture            
0000a930  commonEnableCaptureInterrupts                
0000a93c  USS_registerHSPLLInterruptCallback           
0000a946  abs                                          
0000a950  commonTimerPeriodMeasurementWaitEvent1       
0000a95a  commonTimerPeriodMeasurementWaitEvent2       
0000a96e  __mspabi_slli                                
0000a978  __mspabi_srli                                
0000a98a  C$$EXIT                                      
0000a98a  abort                                        
0000a990  USS_calibrateVolumeFlowRate                  
0000a994  _system_post_cinit                           
0000a996  _Q16div_coeffs                               
0000aa96  _IQ31CosLookup                               
0000ab66  _IQ31SinLookup                               
0000ac36  _IQ6div_lookup                               
0000ac8a  __TI_Handler_Table_Base                      
0000ac8e  __TI_CINIT_Base                              
0000ac8e  __TI_Handler_Table_Limit                     
0000aca6  __TI_CINIT_Limit                             
0000aca6  __TI_CINIT_Warm                              
0000ffb0  __TI_int16                                   
0000ffb2  __TI_int17                                   
0000ffb4  __TI_int18                                   
0000ffb6  __TI_int19                                   
0000ffb8  __TI_int20                                   
0000ffba  __TI_int21                                   
0000ffbc  __TI_int22                                   
0000ffbe  __TI_int23                                   
0000ffc0  __TI_int24                                   
0000ffc2  __TI_int25                                   
0000ffc4  __TI_int26                                   
0000ffc6  __TI_int27                                   
0000ffc8  __TI_int28                                   
0000ffca  __TI_int29                                   
0000ffcc  __TI_int30                                   
0000ffce  __TI_int31                                   
0000ffd0  __TI_int32                                   
0000ffd2  __TI_int33                                   
0000ffd4  __TI_int34                                   
0000ffd6  __TI_int35                                   
0000ffd8  __TI_int36                                   
0000ffda  __TI_int37                                   
0000ffdc  __TI_int38                                   
0000ffde  __TI_int39                                   
0000ffe0  __TI_int40                                   
0000ffe2  __TI_int41                                   
0000ffe4  __TI_int42                                   
0000ffe6  __TI_int43                                   
0000ffe8  __TI_int44                                   
0000ffea  __TI_int45                                   
0000ffec  __TI_int46                                   
0000ffee  __TI_int47                                   
0000fff0  __TI_int48                                   
0000fff2  __TI_int49                                   
0000fff4  __TI_int50                                   
0000fff6  __TI_int51                                   
0000fff8  __TI_int52                                   
0000fffa  __TI_int53                                   
0000fffc  __TI_int54                                   
0000fffe  _reset_vector                                
00010000  USS_init                                     
00010a92  commonConfigureMultiTone                     
000114fe  USS_computeAbsTOF_lobeWide                   
00011d54  USS_computeDeltaTOF_estimate                 
00012228  USS_initAlgorithms                           
000126d8  USS_computeDeltaTOF_water                    
00012a26  USS_computeAbsTOF_hilbertWide                
00012d66  USS_verifyHSPLLFrequency                     
0001303a  _IQ23sin                                     
000132be  commonValidateSAPHconfigruation              
00013536  USS_corrN                                    
000139ca  USS_updateADCParams                          
0001420c  USS_updateSAPHConfiguration                  
000143e0  _IQ12div                                     
000145b4  _IQ16div                                     
00014788  _IQ21div                                     
0001495c  _IQ24div                                     
00014b30  _IQ27div                                     
00014d04  USS_run                                      
00014ed6  _IQ28div                                     
000150a8  USS_commonTriggerSingleCapture               
00015278  USS_generateMultiToneBinaryPattern           
00015444  _IQ30div                                     
00015606  USS_generateMonoDualToneBinaryPattern        
0001594c  USS_updateClockRelativeError                 
00015c10  USS_calculateMax                             
00015d64  main                                         
00015e9a  __mspabi_subf                                
00015ea0  __mspabi_addf                                
00015fcc  commonTimerPeriodMeasurementDisableInterrupts
00015ff0  lib_version                                  
ffffffff  __TI_pprof_out_hndl                          
ffffffff  __TI_prof_data_size                          
ffffffff  __TI_prof_data_start                         
ffffffff  __c_args__                                   

[2125 symbols]
